Archive member included to satisfy reference by file (symbol)

c:/tools/arm-none-eabi-10-2021.10/bin/../lib/gcc/arm-none-eabi/10.3.1/../../../../arm-none-eabi/lib/thumb/v7e-m/nofp\libg_nano.a(lib_a-errno.o)
                              ./system/src/newlib/sbrk.o (__errno)
c:/tools/arm-none-eabi-10-2021.10/bin/../lib/gcc/arm-none-eabi/10.3.1/../../../../arm-none-eabi/lib/thumb/v7e-m/nofp\libg_nano.a(lib_a-impure.o)
                              c:/tools/arm-none-eabi-10-2021.10/bin/../lib/gcc/arm-none-eabi/10.3.1/../../../../arm-none-eabi/lib/thumb/v7e-m/nofp\libg_nano.a(lib_a-errno.o) (_impure_ptr)

Discarded input sections

 .text          0x00000000        0x0 ./system/src/newlib/assert.o
 .data          0x00000000        0x0 ./system/src/newlib/assert.o
 .bss           0x00000000        0x0 ./system/src/newlib/assert.o
 .rodata        0x00000000       0x43 ./system/src/newlib/assert.o
 .text.__assert_func
                0x00000000       0x24 ./system/src/newlib/assert.o
 .debug_info    0x00000000       0xf3 ./system/src/newlib/assert.o
 .debug_abbrev  0x00000000       0x93 ./system/src/newlib/assert.o
 .debug_aranges
                0x00000000       0x20 ./system/src/newlib/assert.o
 .debug_ranges  0x00000000       0x10 ./system/src/newlib/assert.o
 .debug_line    0x00000000       0xb9 ./system/src/newlib/assert.o
 .debug_str     0x00000000      0x1f2 ./system/src/newlib/assert.o
 .comment       0x00000000       0x4a ./system/src/newlib/assert.o
 .debug_frame   0x00000000       0x30 ./system/src/newlib/assert.o
 .ARM.attributes
                0x00000000       0x2e ./system/src/newlib/assert.o
 .text          0x00000000        0x0 ./system/src/newlib/cxx.o
 .data          0x00000000        0x0 ./system/src/newlib/cxx.o
 .bss           0x00000000        0x0 ./system/src/newlib/cxx.o
 .rodata        0x00000000       0x2f ./system/src/newlib/cxx.o
 .text._ZN9__gnu_cxx27__verbose_terminate_handlerEv
                0x00000000       0x14 ./system/src/newlib/cxx.o
 .text.__cxa_pure_virtual
                0x00000000       0x14 ./system/src/newlib/cxx.o
 .debug_info    0x00000000      0x7a3 ./system/src/newlib/cxx.o
 .debug_abbrev  0x00000000      0x218 ./system/src/newlib/cxx.o
 .debug_aranges
                0x00000000       0x28 ./system/src/newlib/cxx.o
 .debug_ranges  0x00000000       0x18 ./system/src/newlib/cxx.o
 .debug_line    0x00000000      0x246 ./system/src/newlib/cxx.o
 .debug_str     0x00000000      0x3f5 ./system/src/newlib/cxx.o
 .comment       0x00000000       0x4a ./system/src/newlib/cxx.o
 .debug_frame   0x00000000       0x50 ./system/src/newlib/cxx.o
 .ARM.attributes
                0x00000000       0x2e ./system/src/newlib/cxx.o
 .text          0x00000000        0x0 ./system/src/newlib/exit.o
 .data          0x00000000        0x0 ./system/src/newlib/exit.o
 .bss           0x00000000        0x0 ./system/src/newlib/exit.o
 .rodata        0x00000000       0x14 ./system/src/newlib/exit.o
 .text.abort    0x00000000       0x14 ./system/src/newlib/exit.o
 .text          0x00000000        0x0 ./system/src/newlib/sbrk.o
 .data          0x00000000        0x0 ./system/src/newlib/sbrk.o
 .bss           0x00000000        0x0 ./system/src/newlib/sbrk.o
 .bss.current_heap_end.0
                0x00000000        0x4 ./system/src/newlib/sbrk.o
 .text._sbrk    0x00000000       0x68 ./system/src/newlib/sbrk.o
 .debug_info    0x00000000       0xeb ./system/src/newlib/sbrk.o
 .debug_abbrev  0x00000000       0x93 ./system/src/newlib/sbrk.o
 .debug_aranges
                0x00000000       0x20 ./system/src/newlib/sbrk.o
 .debug_ranges  0x00000000       0x10 ./system/src/newlib/sbrk.o
 .debug_line    0x00000000       0xc0 ./system/src/newlib/sbrk.o
 .debug_str     0x00000000      0x206 ./system/src/newlib/sbrk.o
 .comment       0x00000000       0x4a ./system/src/newlib/sbrk.o
 .debug_frame   0x00000000       0x34 ./system/src/newlib/sbrk.o
 .ARM.attributes
                0x00000000       0x2e ./system/src/newlib/sbrk.o
 .text          0x00000000        0x0 ./system/src/newlib/startup.o
 .data          0x00000000        0x0 ./system/src/newlib/startup.o
 .bss           0x00000000        0x0 ./system/src/newlib/startup.o
 .text.__initialize_data
                0x00000000       0x36 ./system/src/newlib/startup.o
 .text.__initialize_bss
                0x00000000       0x2e ./system/src/newlib/startup.o
 .text.__run_init_array
                0x00000000       0x70 ./system/src/newlib/startup.o
 .text.__run_fini_array
                0x00000000       0x40 ./system/src/newlib/startup.o
 .text          0x00000000        0x0 ./system/src/newlib/syscalls.o
 .data          0x00000000        0x0 ./system/src/newlib/syscalls.o
 .bss           0x00000000        0x0 ./system/src/newlib/syscalls.o
 .bss.errno     0x00000000        0x4 ./system/src/newlib/syscalls.o
 .bss.__dso_handle
                0x00000000        0x4 ./system/src/newlib/syscalls.o
 .text.raise    0x00000000       0x1e ./system/src/newlib/syscalls.o
 .text.kill     0x00000000       0x20 ./system/src/newlib/syscalls.o
 .text          0x00000000        0x0 ./system/src/diag/trace-impl.o
 .data          0x00000000        0x0 ./system/src/diag/trace-impl.o
 .bss           0x00000000        0x0 ./system/src/diag/trace-impl.o
 .debug_line    0x00000000        0x0 ./system/src/diag/trace-impl.o
 .debug_str     0x00000000      0x123 ./system/src/diag/trace-impl.o
 .comment       0x00000000       0x4a ./system/src/diag/trace-impl.o
 .ARM.attributes
                0x00000000       0x2e ./system/src/diag/trace-impl.o
 .text          0x00000000        0x0 ./system/src/diag/trace.o
 .data          0x00000000        0x0 ./system/src/diag/trace.o
 .bss           0x00000000        0x0 ./system/src/diag/trace.o
 .debug_line    0x00000000        0x0 ./system/src/diag/trace.o
 .debug_str     0x00000000      0x11e ./system/src/diag/trace.o
 .comment       0x00000000       0x4a ./system/src/diag/trace.o
 .ARM.attributes
                0x00000000       0x2e ./system/src/diag/trace.o
 .text          0x00000000        0x0 ./system/src/cortexm/exception-handlers.o
 .data          0x00000000        0x0 ./system/src/cortexm/exception-handlers.o
 .bss           0x00000000        0x0 ./system/src/cortexm/exception-handlers.o
 .text          0x00000000        0x0 ./system/src/cortexm/initialize-hardware.o
 .data          0x00000000        0x0 ./system/src/cortexm/initialize-hardware.o
 .bss           0x00000000        0x0 ./system/src/cortexm/initialize-hardware.o
 .text          0x00000000        0x0 ./system/src/cortexm/reset-hardware.o
 .data          0x00000000        0x0 ./system/src/cortexm/reset-hardware.o
 .bss           0x00000000        0x0 ./system/src/cortexm/reset-hardware.o
 .text          0x00000000        0x0 ./system/src/cmsis/system_stm32f4xx.o
 .data          0x00000000        0x0 ./system/src/cmsis/system_stm32f4xx.o
 .bss           0x00000000        0x0 ./system/src/cmsis/system_stm32f4xx.o
 .rodata.APBPrescTable
                0x00000000        0x8 ./system/src/cmsis/system_stm32f4xx.o
 .text          0x00000000        0x0 ./system/src/cmsis/vectors_stm32f401xe.o
 .data          0x00000000        0x0 ./system/src/cmsis/vectors_stm32f401xe.o
 .bss           0x00000000        0x0 ./system/src/cmsis/vectors_stm32f401xe.o
 .text          0x00000000        0x0 ./src/helpers.o
 .data          0x00000000        0x0 ./src/helpers.o
 .bss           0x00000000        0x0 ./src/helpers.o
 .text.unlockDoor
                0x00000000       0x38 ./src/helpers.o
 .text.lockDoor
                0x00000000       0x2e ./src/helpers.o
 .text.blinkHazardLights
                0x00000000       0x5e ./src/helpers.o
 .debug_info    0x00000000      0x109 ./src/helpers.o
 .debug_abbrev  0x00000000       0xad ./src/helpers.o
 .debug_aranges
                0x00000000       0x30 ./src/helpers.o
 .debug_ranges  0x00000000       0x20 ./src/helpers.o
 .debug_line    0x00000000      0x11c ./src/helpers.o
 .debug_str     0x00000000      0x1ef ./src/helpers.o
 .comment       0x00000000       0x4a ./src/helpers.o
 .debug_frame   0x00000000       0x7c ./src/helpers.o
 .ARM.attributes
                0x00000000       0x2e ./src/helpers.o
 .text          0x00000000        0x0 ./src/main.o
 .data          0x00000000        0x0 ./src/main.o
 .bss           0x00000000        0x0 ./src/main.o
 .text          0x00000000        0x0 ./Rcc/Rcc.o
 .data          0x00000000        0x0 ./Rcc/Rcc.o
 .bss           0x00000000        0x0 ./Rcc/Rcc.o
 .text.Rcc_Init
                0x00000000       0x1c ./Rcc/Rcc.o
 .text.Rcc_Enable
                0x00000000       0xa8 ./Rcc/Rcc.o
 .text.Rcc_Disable
                0x00000000       0xa8 ./Rcc/Rcc.o
 .debug_info    0x00000000      0x12a ./Rcc/Rcc.o
 .debug_abbrev  0x00000000       0x86 ./Rcc/Rcc.o
 .debug_aranges
                0x00000000       0x30 ./Rcc/Rcc.o
 .debug_ranges  0x00000000       0x20 ./Rcc/Rcc.o
 .debug_line    0x00000000       0xe8 ./Rcc/Rcc.o
 .debug_str     0x00000000      0x1ff ./Rcc/Rcc.o
 .comment       0x00000000       0x4a ./Rcc/Rcc.o
 .debug_frame   0x00000000       0x80 ./Rcc/Rcc.o
 .ARM.attributes
                0x00000000       0x2e ./Rcc/Rcc.o
 .text          0x00000000        0x0 ./Gpio/Gpio.o
 .data          0x00000000        0x0 ./Gpio/Gpio.o
 .bss           0x00000000        0x0 ./Gpio/Gpio.o
 .text.Gpio_ConfigPin
                0x00000000      0x2dc ./Gpio/Gpio.o
 .text.Gpio_WritePin
                0x00000000      0x19c ./Gpio/Gpio.o
 .text.Gpio_ReadPin
                0x00000000       0xb4 ./Gpio/Gpio.o
 .debug_info    0x00000000      0x163 ./Gpio/Gpio.o
 .debug_abbrev  0x00000000       0x88 ./Gpio/Gpio.o
 .debug_aranges
                0x00000000       0x30 ./Gpio/Gpio.o
 .debug_ranges  0x00000000       0x20 ./Gpio/Gpio.o
 .debug_line    0x00000000      0x33d ./Gpio/Gpio.o
 .debug_str     0x00000000      0x200 ./Gpio/Gpio.o
 .comment       0x00000000       0x4a ./Gpio/Gpio.o
 .debug_frame   0x00000000       0x8c ./Gpio/Gpio.o
 .ARM.attributes
                0x00000000       0x2e ./Gpio/Gpio.o
 .text          0x00000000        0x0 c:/tools/arm-none-eabi-10-2021.10/bin/../lib/gcc/arm-none-eabi/10.3.1/../../../../arm-none-eabi/lib/thumb/v7e-m/nofp\libg_nano.a(lib_a-errno.o)
 .data          0x00000000        0x0 c:/tools/arm-none-eabi-10-2021.10/bin/../lib/gcc/arm-none-eabi/10.3.1/../../../../arm-none-eabi/lib/thumb/v7e-m/nofp\libg_nano.a(lib_a-errno.o)
 .bss           0x00000000        0x0 c:/tools/arm-none-eabi-10-2021.10/bin/../lib/gcc/arm-none-eabi/10.3.1/../../../../arm-none-eabi/lib/thumb/v7e-m/nofp\libg_nano.a(lib_a-errno.o)
 .text.__errno  0x00000000        0xc c:/tools/arm-none-eabi-10-2021.10/bin/../lib/gcc/arm-none-eabi/10.3.1/../../../../arm-none-eabi/lib/thumb/v7e-m/nofp\libg_nano.a(lib_a-errno.o)
 .debug_frame   0x00000000       0x20 c:/tools/arm-none-eabi-10-2021.10/bin/../lib/gcc/arm-none-eabi/10.3.1/../../../../arm-none-eabi/lib/thumb/v7e-m/nofp\libg_nano.a(lib_a-errno.o)
 .ARM.attributes
                0x00000000       0x2e c:/tools/arm-none-eabi-10-2021.10/bin/../lib/gcc/arm-none-eabi/10.3.1/../../../../arm-none-eabi/lib/thumb/v7e-m/nofp\libg_nano.a(lib_a-errno.o)
 .text          0x00000000        0x0 c:/tools/arm-none-eabi-10-2021.10/bin/../lib/gcc/arm-none-eabi/10.3.1/../../../../arm-none-eabi/lib/thumb/v7e-m/nofp\libg_nano.a(lib_a-impure.o)
 .data          0x00000000        0x0 c:/tools/arm-none-eabi-10-2021.10/bin/../lib/gcc/arm-none-eabi/10.3.1/../../../../arm-none-eabi/lib/thumb/v7e-m/nofp\libg_nano.a(lib_a-impure.o)
 .bss           0x00000000        0x0 c:/tools/arm-none-eabi-10-2021.10/bin/../lib/gcc/arm-none-eabi/10.3.1/../../../../arm-none-eabi/lib/thumb/v7e-m/nofp\libg_nano.a(lib_a-impure.o)
 .data._impure_ptr
                0x00000000        0x4 c:/tools/arm-none-eabi-10-2021.10/bin/../lib/gcc/arm-none-eabi/10.3.1/../../../../arm-none-eabi/lib/thumb/v7e-m/nofp\libg_nano.a(lib_a-impure.o)
 .data.impure_data
                0x00000000       0x60 c:/tools/arm-none-eabi-10-2021.10/bin/../lib/gcc/arm-none-eabi/10.3.1/../../../../arm-none-eabi/lib/thumb/v7e-m/nofp\libg_nano.a(lib_a-impure.o)
 .rodata._global_impure_ptr
                0x00000000        0x4 c:/tools/arm-none-eabi-10-2021.10/bin/../lib/gcc/arm-none-eabi/10.3.1/../../../../arm-none-eabi/lib/thumb/v7e-m/nofp\libg_nano.a(lib_a-impure.o)
 .ARM.attributes
                0x00000000       0x2e c:/tools/arm-none-eabi-10-2021.10/bin/../lib/gcc/arm-none-eabi/10.3.1/../../../../arm-none-eabi/lib/thumb/v7e-m/nofp\libg_nano.a(lib_a-impure.o)

Memory Configuration

Name             Origin             Length             Attributes
RAM              0x20000000         0x00010000         xrw
CCMRAM           0x10000000         0x00000000         xrw
FLASH            0x08000000         0x00100000         xr
FLASHB1          0x00000000         0x00000000         xr
EXTMEMB0         0x00000000         0x00000000         xr
EXTMEMB1         0x00000000         0x00000000         xr
EXTMEMB2         0x00000000         0x00000000         xr
EXTMEMB3         0x00000000         0x00000000         xr
*default*        0x00000000         0xffffffff

Linker script and memory map

LOAD ./system/src/newlib/assert.o
LOAD ./system/src/newlib/cxx.o
LOAD ./system/src/newlib/exit.o
LOAD ./system/src/newlib/sbrk.o
LOAD ./system/src/newlib/startup.o
LOAD ./system/src/newlib/syscalls.o
LOAD ./system/src/diag/trace-impl.o
LOAD ./system/src/diag/trace.o
LOAD ./system/src/cortexm/exception-handlers.o
LOAD ./system/src/cortexm/initialize-hardware.o
LOAD ./system/src/cortexm/reset-hardware.o
LOAD ./system/src/cmsis/system_stm32f4xx.o
LOAD ./system/src/cmsis/vectors_stm32f401xe.o
LOAD ./src/helpers.o
LOAD ./src/main.o
LOAD ./Rcc/Rcc.o
LOAD ./Gpio/Gpio.o
LOAD c:/tools/arm-none-eabi-10-2021.10/bin/../lib/gcc/arm-none-eabi/10.3.1/../../../../arm-none-eabi/lib/thumb/v7e-m/nofp\libstdc++_nano.a
LOAD c:/tools/arm-none-eabi-10-2021.10/bin/../lib/gcc/arm-none-eabi/10.3.1/../../../../arm-none-eabi/lib/thumb/v7e-m/nofp\libm.a
START GROUP
LOAD c:/tools/arm-none-eabi-10-2021.10/bin/../lib/gcc/arm-none-eabi/10.3.1/thumb/v7e-m/nofp\libgcc.a
LOAD c:/tools/arm-none-eabi-10-2021.10/bin/../lib/gcc/arm-none-eabi/10.3.1/../../../../arm-none-eabi/lib/thumb/v7e-m/nofp\libg_nano.a
LOAD c:/tools/arm-none-eabi-10-2021.10/bin/../lib/gcc/arm-none-eabi/10.3.1/../../../../arm-none-eabi/lib/thumb/v7e-m/nofp\libc_nano.a
END GROUP
START GROUP
LOAD c:/tools/arm-none-eabi-10-2021.10/bin/../lib/gcc/arm-none-eabi/10.3.1/thumb/v7e-m/nofp\libgcc.a
LOAD c:/tools/arm-none-eabi-10-2021.10/bin/../lib/gcc/arm-none-eabi/10.3.1/../../../../arm-none-eabi/lib/thumb/v7e-m/nofp\libc_nano.a
END GROUP
                0x20010000                __stack = (ORIGIN (RAM) + LENGTH (RAM))
                0x20010000                _estack = __stack
                0x00000400                __Main_Stack_Size = 0x400
                [!provide]                PROVIDE (_Main_Stack_Size = __Main_Stack_Size)
                0x2000fc00                __Main_Stack_Limit = (__stack - __Main_Stack_Size)
                [!provide]                PROVIDE (_Main_Stack_Limit = __Main_Stack_Limit)
                0x00000100                _Minimum_Stack_Size = 0x100
                0x20000010                PROVIDE (_Heap_Begin = _end_noinit)
                0x2000fc00                PROVIDE (_Heap_Limit = (__stack - __Main_Stack_Size))

.isr_vector     0x08000000      0x3b2
 FILL mask 0xff
                0x08000000                __vectors_start = ABSOLUTE (.)
                0x08000000                __vectors_start__ = ABSOLUTE (.)
 *(.isr_vector)
 .isr_vector    0x08000000      0x194 ./system/src/cmsis/vectors_stm32f401xe.o
                0x08000000                __isr_vectors
 *(.cfmconfig)
 *(.after_vectors .after_vectors.*)
 .after_vectors
                0x08000194      0x170 ./system/src/newlib/startup.o
                0x08000194                _start
 .after_vectors
                0x08000304       0xa8 ./system/src/cortexm/exception-handlers.o
                0x08000304                Reset_Handler
                0x0800030a                NMI_Handler
                0x08000310                HardFault_Handler
                0x08000326                HardFault_Handler_C
                0x08000332                MemManage_Handler
                0x08000338                BusFault_Handler
                0x0800034e                BusFault_Handler_C
                0x0800035a                UsageFault_Handler
                0x08000370                UsageFault_Handler_C
                0x0800037c                SVC_Handler
                0x08000382                DebugMon_Handler
                0x08000388                PendSV_Handler
                0x0800038e                SysTick_Handler
 .after_vectors
                0x080003ac        0x6 ./system/src/cmsis/vectors_stm32f401xe.o
                0x080003ac                RTC_Alarm_IRQHandler
                0x080003ac                EXTI2_IRQHandler
                0x080003ac                SPI4_IRQHandler
                0x080003ac                TIM1_CC_IRQHandler
                0x080003ac                DMA2_Stream5_IRQHandler
                0x080003ac                DMA1_Stream5_IRQHandler
                0x080003ac                PVD_IRQHandler
                0x080003ac                SDIO_IRQHandler
                0x080003ac                TAMP_STAMP_IRQHandler
                0x080003ac                EXTI3_IRQHandler
                0x080003ac                TIM1_UP_TIM10_IRQHandler
                0x080003ac                I2C3_ER_IRQHandler
                0x080003ac                EXTI0_IRQHandler
                0x080003ac                I2C2_EV_IRQHandler
                0x080003ac                DMA1_Stream2_IRQHandler
                0x080003ac                FPU_IRQHandler
                0x080003ac                DMA2_Stream2_IRQHandler
                0x080003ac                SPI1_IRQHandler
                0x080003ac                TIM1_BRK_TIM9_IRQHandler
                0x080003ac                DMA2_Stream3_IRQHandler
                0x080003ac                USART6_IRQHandler
                0x080003ac                DMA2_Stream0_IRQHandler
                0x080003ac                TIM4_IRQHandler
                0x080003ac                I2C1_EV_IRQHandler
                0x080003ac                DMA1_Stream6_IRQHandler
                0x080003ac                DMA1_Stream1_IRQHandler
                0x080003ac                TIM3_IRQHandler
                0x080003ac                RCC_IRQHandler
                0x080003ac                Default_Handler
                0x080003ac                EXTI15_10_IRQHandler
                0x080003ac                ADC_IRQHandler
                0x080003ac                DMA1_Stream7_IRQHandler
                0x080003ac                TIM5_IRQHandler
                0x080003ac                DMA2_Stream7_IRQHandler
                0x080003ac                I2C3_EV_IRQHandler
                0x080003ac                EXTI9_5_IRQHandler
                0x080003ac                RTC_WKUP_IRQHandler
                0x080003ac                SPI2_IRQHandler
                0x080003ac                DMA1_Stream0_IRQHandler
                0x080003ac                EXTI4_IRQHandler
                0x080003ac                WWDG_IRQHandler
                0x080003ac                TIM2_IRQHandler
                0x080003ac                OTG_FS_WKUP_IRQHandler
                0x080003ac                TIM1_TRG_COM_TIM11_IRQHandler
                0x080003ac                EXTI1_IRQHandler
                0x080003ac                USART2_IRQHandler
                0x080003ac                I2C2_ER_IRQHandler
                0x080003ac                DMA2_Stream1_IRQHandler
                0x080003ac                FLASH_IRQHandler
                0x080003ac                DMA2_Stream4_IRQHandler
                0x080003ac                USART1_IRQHandler
                0x080003ac                OTG_FS_IRQHandler
                0x080003ac                SPI3_IRQHandler
                0x080003ac                DMA1_Stream4_IRQHandler
                0x080003ac                I2C1_ER_IRQHandler
                0x080003ac                DMA2_Stream6_IRQHandler
                0x080003ac                DMA1_Stream3_IRQHandler

.inits          0x080003b4       0x28
                0x080003b4                __data_regions_array_start = .
                0x080003b4        0x4 LONG 0x80005a0 LOADADDR (.data)
                0x080003b8        0x4 LONG 0x20000000 ADDR (.data)
                0x080003bc        0x4 LONG 0x2000000c (ADDR (.data) + SIZEOF (.data))
                0x080003c0        0x4 LONG 0x80005a0 LOADADDR (.data_CCMRAM)
                0x080003c4        0x4 LONG 0x10000000 ADDR (.data_CCMRAM)
                0x080003c8        0x4 LONG 0x10000000 (ADDR (.data_CCMRAM) + SIZEOF (.data_CCMRAM))
                0x080003cc                __data_regions_array_end = .
                0x080003cc                __bss_regions_array_start = .
                0x080003cc        0x4 LONG 0x2000000c ADDR (.bss)
                0x080003d0        0x4 LONG 0x20000010 (ADDR (.bss) + SIZEOF (.bss))
                0x080003d4        0x4 LONG 0x10000000 ADDR (.bss_CCMRAM)
                0x080003d8        0x4 LONG 0x10000000 (ADDR (.bss_CCMRAM) + SIZEOF (.bss_CCMRAM))
                0x080003dc                __bss_regions_array_end = .
 *(.init)
 *(.fini)
                0x080003dc                . = ALIGN (0x4)
                0x080003dc                PROVIDE (__preinit_array_start = .)
 *(.preinit_array_sysinit .preinit_array_sysinit.*)
 *(.preinit_array_platform .preinit_array_platform.*)
 *(.preinit_array .preinit_array.*)
                0x080003dc                PROVIDE (__preinit_array_end = .)
                0x080003dc                . = ALIGN (0x4)
                0x080003dc                PROVIDE (__init_array_start = .)
 *(SORT_BY_NAME(.init_array.*))
 *(.init_array)
                0x080003dc                PROVIDE (__init_array_end = .)
                0x080003dc                . = ALIGN (0x4)
                0x080003dc                PROVIDE (__fini_array_start = .)
 *(SORT_BY_NAME(.fini_array.*))
 *(.fini_array)
                0x080003dc                PROVIDE (__fini_array_end = .)

.flashtext
 *(.flashtext .flashtext.*)

.text           0x080003dc      0x1c4
 *(.text .text.*)
 .text._exit    0x080003dc        0xc ./system/src/newlib/exit.o
                0x080003dc                _exit
 .text.__initialize_args
                0x080003e8       0x24 ./system/src/newlib/syscalls.o
                0x080003e8                __initialize_args
 .text.__initialize_hardware_early
                0x0800040c       0x1c ./system/src/cortexm/initialize-hardware.o
                0x0800040c                __initialize_hardware_early
 .text.__initialize_hardware
                0x08000428        0xc ./system/src/cortexm/initialize-hardware.o
                0x08000428                __initialize_hardware
 .text.__NVIC_SystemReset
                0x08000434       0x2c ./system/src/cortexm/reset-hardware.o
 .text.__reset_hardware
                0x08000460        0x8 ./system/src/cortexm/reset-hardware.o
                0x08000460                __reset_hardware
 .text.SystemInit
                0x08000468       0x18 ./system/src/cmsis/system_stm32f4xx.o
                0x08000468                SystemInit
 .text.SystemCoreClockUpdate
                0x08000480      0x100 ./system/src/cmsis/system_stm32f4xx.o
                0x08000480                SystemCoreClockUpdate
 .text.main     0x08000580        0xe ./src/main.o
                0x08000580                main
 *(.rodata .rodata.* .constdata .constdata.*)
 *fill*         0x0800058e        0x2 
 .rodata.AHBPrescTable
                0x08000590       0x10 ./system/src/cmsis/system_stm32f4xx.o
                0x08000590                AHBPrescTable
 *(vtable)
 *(.eh_frame*)
 *(.glue_7)
 .glue_7        0x080005a0        0x0 linker stubs
 *(.glue_7t)
 .glue_7t       0x080005a0        0x0 linker stubs

.vfp11_veneer   0x080005a0        0x0
 .vfp11_veneer  0x080005a0        0x0 linker stubs

.v4_bx          0x080005a0        0x0
 .v4_bx         0x080005a0        0x0 linker stubs

.iplt           0x080005a0        0x0
 .iplt          0x080005a0        0x0 ./system/src/newlib/exit.o

.rel.dyn        0x080005a0        0x0
 .rel.iplt      0x080005a0        0x0 ./system/src/newlib/exit.o

.ARM.extab
 *(.ARM.extab* .gnu.linkonce.armextab.*)
                0x080005a0                . = ALIGN (0x4)
                0x080005a0                __exidx_start = .

.ARM.exidx
 *(.ARM.exidx* .gnu.linkonce.armexidx.*)
                0x080005a0                __exidx_end = .
                0x080005a0                . = ALIGN (0x4)
                0x080005a0                _etext = .
                0x080005a0                __etext = .

.data_CCMRAM    0x10000000        0x0 load address 0x080005a0
 FILL mask 0xff
 *(.data.CCMRAM .data.CCMRAM.*)
                0x10000000                . = ALIGN (0x4)
                0x080005a0                _sidata = LOADADDR (.data)

.data           0x20000000        0xc load address 0x080005a0
 FILL mask 0xff
                0x20000000                _sdata = .
                0x20000000                __data_start__ = .
 *(.data_begin .data_begin.*)
 *(.data .data.*)
 .data.argv.1   0x20000000        0x8 ./system/src/newlib/syscalls.o
 .data.SystemCoreClock
                0x20000008        0x4 ./system/src/cmsis/system_stm32f4xx.o
                0x20000008                SystemCoreClock
 *(.data_end .data_end.*)
                0x2000000c                . = ALIGN (0x4)
                0x2000000c                _edata = .
                0x2000000c                __data_end__ = .

.igot.plt       0x2000000c        0x0 load address 0x080005ac
 .igot.plt      0x2000000c        0x0 ./system/src/newlib/exit.o

.bss_CCMRAM     0x10000000        0x0
 *(.bss.CCMRAM .bss.CCMRAM.*)

.bss            0x2000000c        0x4
                0x2000000c                __bss_start__ = .
                0x2000000c                _sbss = .
 *(.bss_begin .bss_begin.*)
 *(.bss .bss.*)
 .bss.name.0    0x2000000c        0x1 ./system/src/newlib/syscalls.o
 *(COMMON)
 *(.bss_end .bss_end.*)
                0x20000010                . = ALIGN (0x4)
 *fill*         0x2000000d        0x3 
                0x20000010                __bss_end__ = .
                0x20000010                _ebss = .

.noinit_CCMRAM
 *(.noinit.CCMRAM .noinit.CCMRAM.*)

.noinit         0x20000010        0x0
                0x20000010                _noinit = .
 *(.noinit .noinit.*)
                0x20000010                . = ALIGN (0x4)
                0x20000010                _end_noinit = .
                [!provide]                PROVIDE (end = _end_noinit)
                [!provide]                PROVIDE (_end = _end_noinit)
                [!provide]                PROVIDE (__end = _end_noinit)
                [!provide]                PROVIDE (__end__ = _end_noinit)

._check_stack   0x20000010      0x100
                0x20000110                . = (. + _Minimum_Stack_Size)
 *fill*         0x20000010      0x100 

.b1text
 *(.b1text)
 *(.b1rodata)
 *(.b1rodata.*)

.eb0text
 *(.eb0text)
 *(.eb0rodata)
 *(.eb0rodata.*)

.eb1text
 *(.eb1text)
 *(.eb1rodata)
 *(.eb1rodata.*)

.eb2text
 *(.eb2text)
 *(.eb2rodata)
 *(.eb2rodata.*)

.eb3text
 *(.eb3text)
 *(.eb3rodata)
 *(.eb3rodata.*)

.stab
 *(.stab)

.stabstr
 *(.stabstr)

.stab.excl
 *(.stab.excl)

.stab.exclstr
 *(.stab.exclstr)

.stab.index
 *(.stab.index)

.stab.indexstr
 *(.stab.indexstr)

.comment        0x00000000       0x49
 *(.comment)
 .comment       0x00000000       0x49 ./system/src/newlib/exit.o
                                 0x4a (size before relaxing)
 .comment       0x00000049       0x4a ./system/src/newlib/startup.o
 .comment       0x00000049       0x4a ./system/src/newlib/syscalls.o
 .comment       0x00000049       0x4a ./system/src/cortexm/exception-handlers.o
 .comment       0x00000049       0x4a ./system/src/cortexm/initialize-hardware.o
 .comment       0x00000049       0x4a ./system/src/cortexm/reset-hardware.o
 .comment       0x00000049       0x4a ./system/src/cmsis/system_stm32f4xx.o
 .comment       0x00000049       0x4a ./system/src/cmsis/vectors_stm32f401xe.o
 .comment       0x00000049       0x4a ./src/main.o

.ARM.attributes
                0x00000000       0x2e
 .ARM.attributes
                0x00000000       0x2e ./system/src/newlib/exit.o
 .ARM.attributes
                0x0000002e       0x2e ./system/src/newlib/startup.o
 .ARM.attributes
                0x0000005c       0x2e ./system/src/newlib/syscalls.o
 .ARM.attributes
                0x0000008a       0x2e ./system/src/cortexm/exception-handlers.o
 .ARM.attributes
                0x000000b8       0x2e ./system/src/cortexm/initialize-hardware.o
 .ARM.attributes
                0x000000e6       0x2e ./system/src/cortexm/reset-hardware.o
 .ARM.attributes
                0x00000114       0x2e ./system/src/cmsis/system_stm32f4xx.o
 .ARM.attributes
                0x00000142       0x2e ./system/src/cmsis/vectors_stm32f401xe.o
 .ARM.attributes
                0x00000170       0x2e ./src/main.o

.debug
 *(.debug)

.line
 *(.line)

.debug_srcinfo
 *(.debug_srcinfo)

.debug_sfnames
 *(.debug_sfnames)

.debug_aranges  0x00000000      0x1d0
 *(.debug_aranges)
 .debug_aranges
                0x00000000       0x28 ./system/src/newlib/exit.o
 .debug_aranges
                0x00000028       0x40 ./system/src/newlib/startup.o
 .debug_aranges
                0x00000068       0x30 ./system/src/newlib/syscalls.o
 .debug_aranges
                0x00000098       0x80 ./system/src/cortexm/exception-handlers.o
 .debug_aranges
                0x00000118       0x28 ./system/src/cortexm/initialize-hardware.o
 .debug_aranges
                0x00000140       0x28 ./system/src/cortexm/reset-hardware.o
 .debug_aranges
                0x00000168       0x28 ./system/src/cmsis/system_stm32f4xx.o
 .debug_aranges
                0x00000190       0x20 ./system/src/cmsis/vectors_stm32f401xe.o
 .debug_aranges
                0x000001b0       0x20 ./src/main.o

.debug_pubnames
 *(.debug_pubnames)

.debug_info     0x00000000     0x1480
 *(.debug_info .gnu.linkonce.wi.*)
 .debug_info    0x00000000       0xd5 ./system/src/newlib/exit.o
 .debug_info    0x000000d5      0x3fc ./system/src/newlib/startup.o
 .debug_info    0x000004d1      0x1a2 ./system/src/newlib/syscalls.o
 .debug_info    0x00000673      0x280 ./system/src/cortexm/exception-handlers.o
 .debug_info    0x000008f3      0x274 ./system/src/cortexm/initialize-hardware.o
 .debug_info    0x00000b67      0x29a ./system/src/cortexm/reset-hardware.o
 .debug_info    0x00000e01      0x52c ./system/src/cmsis/system_stm32f4xx.o
 .debug_info    0x0000132d       0xca ./system/src/cmsis/vectors_stm32f401xe.o
 .debug_info    0x000013f7       0x89 ./src/main.o

.debug_abbrev   0x00000000      0x794
 *(.debug_abbrev)
 .debug_abbrev  0x00000000       0xab ./system/src/newlib/exit.o
 .debug_abbrev  0x000000ab      0x15c ./system/src/newlib/startup.o
 .debug_abbrev  0x00000207       0xf1 ./system/src/newlib/syscalls.o
 .debug_abbrev  0x000002f8       0xe6 ./system/src/cortexm/exception-handlers.o
 .debug_abbrev  0x000003de       0xc6 ./system/src/cortexm/initialize-hardware.o
 .debug_abbrev  0x000004a4       0xf5 ./system/src/cortexm/reset-hardware.o
 .debug_abbrev  0x00000599      0x113 ./system/src/cmsis/system_stm32f4xx.o
 .debug_abbrev  0x000006ac       0xa2 ./system/src/cmsis/vectors_stm32f401xe.o
 .debug_abbrev  0x0000074e       0x46 ./src/main.o

.debug_line     0x00000000      0xa5f
 *(.debug_line)
 .debug_line    0x00000000      0x113 ./system/src/newlib/exit.o
 .debug_line    0x00000113      0x235 ./system/src/newlib/startup.o
 .debug_line    0x00000348      0x13c ./system/src/newlib/syscalls.o
 .debug_line    0x00000484      0x16c ./system/src/cortexm/exception-handlers.o
 .debug_line    0x000005f0      0x103 ./system/src/cortexm/initialize-hardware.o
 .debug_line    0x000006f3      0x131 ./system/src/cortexm/reset-hardware.o
 .debug_line    0x00000824      0x193 ./system/src/cmsis/system_stm32f4xx.o
 .debug_line    0x000009b7       0x63 ./system/src/cmsis/vectors_stm32f401xe.o
 .debug_line    0x00000a1a       0x45 ./src/main.o

.debug_frame    0x00000000      0x410
 *(.debug_frame)
 .debug_frame   0x00000000       0x50 ./system/src/newlib/exit.o
 .debug_frame   0x00000050       0xc8 ./system/src/newlib/startup.o
 .debug_frame   0x00000118       0x80 ./system/src/newlib/syscalls.o
 .debug_frame   0x00000198      0x13c ./system/src/cortexm/exception-handlers.o
 .debug_frame   0x000002d4       0x48 ./system/src/cortexm/initialize-hardware.o
 .debug_frame   0x0000031c       0x44 ./system/src/cortexm/reset-hardware.o
 .debug_frame   0x00000360       0x58 ./system/src/cmsis/system_stm32f4xx.o
 .debug_frame   0x000003b8       0x28 ./system/src/cmsis/vectors_stm32f401xe.o
 .debug_frame   0x000003e0       0x30 ./src/main.o

.debug_str      0x00000000      0x7ae
 *(.debug_str)
 .debug_str     0x00000000      0x197 ./system/src/newlib/exit.o
                                0x1d0 (size before relaxing)
 .debug_str     0x00000197      0x15f ./system/src/newlib/startup.o
                                0x30d (size before relaxing)
 .debug_str     0x000002f6       0x6b ./system/src/newlib/syscalls.o
                                0x20e (size before relaxing)
 .debug_str     0x00000361      0x128 ./system/src/cortexm/exception-handlers.o
                                0x2c0 (size before relaxing)
 .debug_str     0x00000489       0xd4 ./system/src/cortexm/initialize-hardware.o
                                0x264 (size before relaxing)
 .debug_str     0x0000055d       0x51 ./system/src/cortexm/reset-hardware.o
                                0x247 (size before relaxing)
 .debug_str     0x000005ae      0x18e ./system/src/cmsis/system_stm32f4xx.o
                                0x389 (size before relaxing)
 .debug_str     0x0000073c       0x59 ./system/src/cmsis/vectors_stm32f401xe.o
                                0x1e0 (size before relaxing)
 .debug_str     0x00000795       0x19 ./src/main.o
                                0x19a (size before relaxing)

.debug_loc
 *(.debug_loc)

.debug_macinfo
 *(.debug_macinfo)

.debug_weaknames
 *(.debug_weaknames)

.debug_funcnames
 *(.debug_funcnames)

.debug_typenames
 *(.debug_typenames)

.debug_varnames
 *(.debug_varnames)
OUTPUT(DoorHandle.elf elf32-littlearm)
LOAD linker stubs

.debug_ranges   0x00000000      0x140
 .debug_ranges  0x00000000       0x18 ./system/src/newlib/exit.o
 .debug_ranges  0x00000018       0x30 ./system/src/newlib/startup.o
 .debug_ranges  0x00000048       0x20 ./system/src/newlib/syscalls.o
 .debug_ranges  0x00000068       0x70 ./system/src/cortexm/exception-handlers.o
 .debug_ranges  0x000000d8       0x18 ./system/src/cortexm/initialize-hardware.o
 .debug_ranges  0x000000f0       0x18 ./system/src/cortexm/reset-hardware.o
 .debug_ranges  0x00000108       0x18 ./system/src/cmsis/system_stm32f4xx.o
 .debug_ranges  0x00000120       0x10 ./system/src/cmsis/vectors_stm32f401xe.o
 .debug_ranges  0x00000130       0x10 ./src/main.o
