19:08:36 **** Incremental Build of configuration Release for project DoorHandle ****
make all 
Building file: ../src/main.c
Invoking: GNU Arm Cross C Compiler
arm-none-eabi-gcc -mcpu=cortex-m4 -mthumb -mfloat-abi=soft -O0 -fmessage-length=0 -fsigned-char -ffunction-sections -fdata-sections -ffreestanding -Wall -Wextra -g -DNDEBUG -DSTM32F401xE -DHSE_VALUE=8000000 -I"../include" -I"D:\My PC\Projects\Embedded\Valeo\Final Project\DoorHandle\Gpt" -I"D:\My PC\Projects\Embedded\Valeo\Final Project\DoorHandle\Gpio" -I"D:\My PC\Projects\Embedded\Valeo\Final Project\DoorHandle\Lib" -I"D:\My PC\Projects\Embedded\Valeo\Final Project\DoorHandle\Rcc" -I"../system/include" -I"../system/include/cmsis" -std=gnu11 -MMD -MP -MF"src/main.d" -MT"src/main.o" -c -o "src/main.o" "../src/main.c"
Finished building: ../src/main.c
 
Building target: DoorHandle.elf
Invoking: GNU Arm Cross C++ Linker
arm-none-eabi-g++ -mcpu=cortex-m4 -mthumb -mfloat-abi=soft -O0 -fmessage-length=0 -fsigned-char -ffunction-sections -fdata-sections -ffreestanding -Wall -Wextra -g -T mem.ld -T libs.ld -T sections.ld -nostartfiles -Xlinker --gc-sections -L"../ldscripts" -Wl,-Map,"DoorHandle.map" --specs=nano.specs -o "DoorHandle.elf" ./system/src/newlib/assert.o ./system/src/newlib/cxx.o ./system/src/newlib/exit.o ./system/src/newlib/sbrk.o ./system/src/newlib/startup.o ./system/src/newlib/syscalls.o  ./system/src/diag/trace-impl.o ./system/src/diag/trace.o  ./system/src/cortexm/exception-handlers.o ./system/src/cortexm/initialize-hardware.o ./system/src/cortexm/reset-hardware.o  ./system/src/cmsis/system_stm32f4xx.o ./system/src/cmsis/vectors_stm32f401xe.o  ./src/helpers.o ./src/main.o  ./Rcc/Rcc.o  ./Gpt/Gpt.o  ./Gpio/Gpio.o   
Finished building target: DoorHandle.elf
 
Invoking: GNU Arm Cross Create Flash Image
arm-none-eabi-objcopy -O ihex "DoorHandle.elf"  "DoorHandle.hex"
Finished building: DoorHandle.hex
 
Invoking: GNU Arm Cross Print Size
arm-none-eabi-size --format=berkeley "DoorHandle.elf"
   text	   data	    bss	    dec	    hex	filename
   2250	     76	    268	   2594	    a22	DoorHandle.elf
Finished building: DoorHandle.siz
 

19:08:37 Build Finished. 0 errors, 0 warnings. (took 558ms)

