22:52:40 **** Build of configuration Release for project DoorHandle ****
make all 
Building file: ../system/src/newlib/assert.c
Invoking: GNU Arm Cross C Compiler
arm-none-eabi-gcc -mcpu=cortex-m4 -mthumb -mfloat-abi=soft -O0 -fmessage-length=0 -fsigned-char -ffunction-sections -fdata-sections -ffreestanding -Wall -Wextra -g -DNDEBUG -DSTM32F401xE -DHSE_VALUE=8000000 -I"../include" -I"D:\My PC\Projects\Embedded\Valeo\Final Project\DoorHandle\Gpio" -I"D:\My PC\Projects\Embedded\Valeo\Final Project\DoorHandle\Lib" -I"D:\My PC\Projects\Embedded\Valeo\Final Project\DoorHandle\Rcc" -I"../system/include" -I"../system/include/cmsis" -std=gnu11 -MMD -MP -MF"system/src/newlib/assert.d" -MT"system/src/newlib/assert.o" -c -o "system/src/newlib/assert.o" "../system/src/newlib/assert.c"
Finished building: ../system/src/newlib/assert.c
 
Building file: ../system/src/newlib/cxx.cpp
Invoking: GNU Arm Cross C++ Compiler
arm-none-eabi-g++ -mcpu=cortex-m4 -mthumb -mfloat-abi=soft -O0 -fmessage-length=0 -fsigned-char -ffunction-sections -fdata-sections -ffreestanding -Wall -Wextra -g -DNDEBUG -DSTM32F401xE -DUSE_HAL_DRIVER -DHSE_VALUE=8000000 -I"../include" -I"../system/include" -I"../system/include/cmsis" -I"../system/include/stm32f4-hal" -std=gnu++11 -fabi-version=0 -fno-exceptions -fno-rtti -fno-use-cxa-atexit -fno-threadsafe-statics -MMD -MP -MF"system/src/newlib/cxx.d" -MT"system/src/newlib/cxx.o" -c -o "system/src/newlib/cxx.o" "../system/src/newlib/cxx.cpp"
Finished building: ../system/src/newlib/cxx.cpp
 
Building file: ../system/src/newlib/exit.c
Invoking: GNU Arm Cross C Compiler
arm-none-eabi-gcc -mcpu=cortex-m4 -mthumb -mfloat-abi=soft -O0 -fmessage-length=0 -fsigned-char -ffunction-sections -fdata-sections -ffreestanding -Wall -Wextra -g -DNDEBUG -DSTM32F401xE -DHSE_VALUE=8000000 -I"../include" -I"D:\My PC\Projects\Embedded\Valeo\Final Project\DoorHandle\Gpio" -I"D:\My PC\Projects\Embedded\Valeo\Final Project\DoorHandle\Lib" -I"D:\My PC\Projects\Embedded\Valeo\Final Project\DoorHandle\Rcc" -I"../system/include" -I"../system/include/cmsis" -std=gnu11 -MMD -MP -MF"system/src/newlib/exit.d" -MT"system/src/newlib/exit.o" -c -o "system/src/newlib/exit.o" "../system/src/newlib/exit.c"
Finished building: ../system/src/newlib/exit.c
 
Building file: ../system/src/newlib/sbrk.c
Invoking: GNU Arm Cross C Compiler
arm-none-eabi-gcc -mcpu=cortex-m4 -mthumb -mfloat-abi=soft -O0 -fmessage-length=0 -fsigned-char -ffunction-sections -fdata-sections -ffreestanding -Wall -Wextra -g -DNDEBUG -DSTM32F401xE -DHSE_VALUE=8000000 -I"../include" -I"D:\My PC\Projects\Embedded\Valeo\Final Project\DoorHandle\Gpio" -I"D:\My PC\Projects\Embedded\Valeo\Final Project\DoorHandle\Lib" -I"D:\My PC\Projects\Embedded\Valeo\Final Project\DoorHandle\Rcc" -I"../system/include" -I"../system/include/cmsis" -std=gnu11 -MMD -MP -MF"system/src/newlib/sbrk.d" -MT"system/src/newlib/sbrk.o" -c -o "system/src/newlib/sbrk.o" "../system/src/newlib/sbrk.c"
Finished building: ../system/src/newlib/sbrk.c
 
Building file: ../system/src/newlib/startup.c
Invoking: GNU Arm Cross C Compiler
arm-none-eabi-gcc -mcpu=cortex-m4 -mthumb -mfloat-abi=soft -O0 -fmessage-length=0 -fsigned-char -ffunction-sections -fdata-sections -ffreestanding -Wall -Wextra -g -DNDEBUG -DSTM32F401xE -DUSE_HAL_DRIVER -DHSE_VALUE=8000000 -DOS_INCLUDE_STARTUP_INIT_MULTIPLE_RAM_SECTIONS -I"../include" -I"D:\My PC\Projects\Embedded\Valeo\Final Project\DoorHandle\Gpio" -I"D:\My PC\Projects\Embedded\Valeo\Final Project\DoorHandle\Lib" -I"D:\My PC\Projects\Embedded\Valeo\Final Project\DoorHandle\Rcc" -I"../system/include" -I"../system/include/cmsis" -std=gnu11 -MMD -MP -MF"system/src/newlib/startup.d" -MT"system/src/newlib/startup.o" -c -o "system/src/newlib/startup.o" "../system/src/newlib/startup.c"
Finished building: ../system/src/newlib/startup.c
 
Building file: ../system/src/newlib/syscalls.c
Invoking: GNU Arm Cross C Compiler
arm-none-eabi-gcc -mcpu=cortex-m4 -mthumb -mfloat-abi=soft -O0 -fmessage-length=0 -fsigned-char -ffunction-sections -fdata-sections -ffreestanding -Wall -Wextra -g -DNDEBUG -DSTM32F401xE -DHSE_VALUE=8000000 -I"../include" -I"D:\My PC\Projects\Embedded\Valeo\Final Project\DoorHandle\Gpio" -I"D:\My PC\Projects\Embedded\Valeo\Final Project\DoorHandle\Lib" -I"D:\My PC\Projects\Embedded\Valeo\Final Project\DoorHandle\Rcc" -I"../system/include" -I"../system/include/cmsis" -std=gnu11 -MMD -MP -MF"system/src/newlib/syscalls.d" -MT"system/src/newlib/syscalls.o" -c -o "system/src/newlib/syscalls.o" "../system/src/newlib/syscalls.c"
Finished building: ../system/src/newlib/syscalls.c
 
Building file: ../system/src/diag/trace-impl.c
Invoking: GNU Arm Cross C Compiler
arm-none-eabi-gcc -mcpu=cortex-m4 -mthumb -mfloat-abi=soft -O0 -fmessage-length=0 -fsigned-char -ffunction-sections -fdata-sections -ffreestanding -Wall -Wextra -g -DNDEBUG -DSTM32F401xE -DHSE_VALUE=8000000 -I"../include" -I"D:\My PC\Projects\Embedded\Valeo\Final Project\DoorHandle\Gpio" -I"D:\My PC\Projects\Embedded\Valeo\Final Project\DoorHandle\Lib" -I"D:\My PC\Projects\Embedded\Valeo\Final Project\DoorHandle\Rcc" -I"../system/include" -I"../system/include/cmsis" -std=gnu11 -MMD -MP -MF"system/src/diag/trace-impl.d" -MT"system/src/diag/trace-impl.o" -c -o "system/src/diag/trace-impl.o" "../system/src/diag/trace-impl.c"
Finished building: ../system/src/diag/trace-impl.c
 
Building file: ../system/src/diag/trace.c
Invoking: GNU Arm Cross C Compiler
arm-none-eabi-gcc -mcpu=cortex-m4 -mthumb -mfloat-abi=soft -O0 -fmessage-length=0 -fsigned-char -ffunction-sections -fdata-sections -ffreestanding -Wall -Wextra -g -DNDEBUG -DSTM32F401xE -DHSE_VALUE=8000000 -I"../include" -I"D:\My PC\Projects\Embedded\Valeo\Final Project\DoorHandle\Gpio" -I"D:\My PC\Projects\Embedded\Valeo\Final Project\DoorHandle\Lib" -I"D:\My PC\Projects\Embedded\Valeo\Final Project\DoorHandle\Rcc" -I"../system/include" -I"../system/include/cmsis" -std=gnu11 -MMD -MP -MF"system/src/diag/trace.d" -MT"system/src/diag/trace.o" -c -o "system/src/diag/trace.o" "../system/src/diag/trace.c"
Finished building: ../system/src/diag/trace.c
 
Building file: ../system/src/cortexm/exception-handlers.c
Invoking: GNU Arm Cross C Compiler
arm-none-eabi-gcc -mcpu=cortex-m4 -mthumb -mfloat-abi=soft -O0 -fmessage-length=0 -fsigned-char -ffunction-sections -fdata-sections -ffreestanding -Wall -Wextra -g -DNDEBUG -DSTM32F401xE -DHSE_VALUE=8000000 -I"../include" -I"D:\My PC\Projects\Embedded\Valeo\Final Project\DoorHandle\Gpio" -I"D:\My PC\Projects\Embedded\Valeo\Final Project\DoorHandle\Lib" -I"D:\My PC\Projects\Embedded\Valeo\Final Project\DoorHandle\Rcc" -I"../system/include" -I"../system/include/cmsis" -std=gnu11 -MMD -MP -MF"system/src/cortexm/exception-handlers.d" -MT"system/src/cortexm/exception-handlers.o" -c -o "system/src/cortexm/exception-handlers.o" "../system/src/cortexm/exception-handlers.c"
Finished building: ../system/src/cortexm/exception-handlers.c
 
Building file: ../system/src/cortexm/initialize-hardware.c
Invoking: GNU Arm Cross C Compiler
arm-none-eabi-gcc -mcpu=cortex-m4 -mthumb -mfloat-abi=soft -O0 -fmessage-length=0 -fsigned-char -ffunction-sections -fdata-sections -ffreestanding -Wall -Wextra -g -DNDEBUG -DSTM32F401xE -DHSE_VALUE=8000000 -I"../include" -I"D:\My PC\Projects\Embedded\Valeo\Final Project\DoorHandle\Gpio" -I"D:\My PC\Projects\Embedded\Valeo\Final Project\DoorHandle\Lib" -I"D:\My PC\Projects\Embedded\Valeo\Final Project\DoorHandle\Rcc" -I"../system/include" -I"../system/include/cmsis" -std=gnu11 -MMD -MP -MF"system/src/cortexm/initialize-hardware.d" -MT"system/src/cortexm/initialize-hardware.o" -c -o "system/src/cortexm/initialize-hardware.o" "../system/src/cortexm/initialize-hardware.c"
Finished building: ../system/src/cortexm/initialize-hardware.c
 
Building file: ../system/src/cortexm/reset-hardware.c
Invoking: GNU Arm Cross C Compiler
arm-none-eabi-gcc -mcpu=cortex-m4 -mthumb -mfloat-abi=soft -O0 -fmessage-length=0 -fsigned-char -ffunction-sections -fdata-sections -ffreestanding -Wall -Wextra -g -DNDEBUG -DSTM32F401xE -DHSE_VALUE=8000000 -I"../include" -I"D:\My PC\Projects\Embedded\Valeo\Final Project\DoorHandle\Gpio" -I"D:\My PC\Projects\Embedded\Valeo\Final Project\DoorHandle\Lib" -I"D:\My PC\Projects\Embedded\Valeo\Final Project\DoorHandle\Rcc" -I"../system/include" -I"../system/include/cmsis" -std=gnu11 -MMD -MP -MF"system/src/cortexm/reset-hardware.d" -MT"system/src/cortexm/reset-hardware.o" -c -o "system/src/cortexm/reset-hardware.o" "../system/src/cortexm/reset-hardware.c"
Finished building: ../system/src/cortexm/reset-hardware.c
 
Building file: ../system/src/cmsis/system_stm32f4xx.c
Invoking: GNU Arm Cross C Compiler
arm-none-eabi-gcc -mcpu=cortex-m4 -mthumb -mfloat-abi=soft -O0 -fmessage-length=0 -fsigned-char -ffunction-sections -fdata-sections -ffreestanding -Wall -Wextra -g -DNDEBUG -DSTM32F401xE -DHSE_VALUE=8000000 -I"../include" -I"D:\My PC\Projects\Embedded\Valeo\Final Project\DoorHandle\Gpio" -I"D:\My PC\Projects\Embedded\Valeo\Final Project\DoorHandle\Lib" -I"D:\My PC\Projects\Embedded\Valeo\Final Project\DoorHandle\Rcc" -I"../system/include" -I"../system/include/cmsis" -std=gnu11 -Wno-padded -MMD -MP -MF"system/src/cmsis/system_stm32f4xx.d" -MT"system/src/cmsis/system_stm32f4xx.o" -c -o "system/src/cmsis/system_stm32f4xx.o" "../system/src/cmsis/system_stm32f4xx.c"
Finished building: ../system/src/cmsis/system_stm32f4xx.c
 
Building file: ../system/src/cmsis/vectors_stm32f401xe.c
Invoking: GNU Arm Cross C Compiler
arm-none-eabi-gcc -mcpu=cortex-m4 -mthumb -mfloat-abi=soft -O0 -fmessage-length=0 -fsigned-char -ffunction-sections -fdata-sections -ffreestanding -Wall -Wextra -g -DNDEBUG -DSTM32F401xE -DHSE_VALUE=8000000 -I"../include" -I"D:\My PC\Projects\Embedded\Valeo\Final Project\DoorHandle\Gpio" -I"D:\My PC\Projects\Embedded\Valeo\Final Project\DoorHandle\Lib" -I"D:\My PC\Projects\Embedded\Valeo\Final Project\DoorHandle\Rcc" -I"../system/include" -I"../system/include/cmsis" -std=gnu11 -MMD -MP -MF"system/src/cmsis/vectors_stm32f401xe.d" -MT"system/src/cmsis/vectors_stm32f401xe.o" -c -o "system/src/cmsis/vectors_stm32f401xe.o" "../system/src/cmsis/vectors_stm32f401xe.c"
Finished building: ../system/src/cmsis/vectors_stm32f401xe.c
 
Building file: ../src/main.c
Invoking: GNU Arm Cross C Compiler
arm-none-eabi-gcc -mcpu=cortex-m4 -mthumb -mfloat-abi=soft -O0 -fmessage-length=0 -fsigned-char -ffunction-sections -fdata-sections -ffreestanding -Wall -Wextra -g -DNDEBUG -DSTM32F401xE -DHSE_VALUE=8000000 -I"../include" -I"D:\My PC\Projects\Embedded\Valeo\Final Project\DoorHandle\Gpio" -I"D:\My PC\Projects\Embedded\Valeo\Final Project\DoorHandle\Lib" -I"D:\My PC\Projects\Embedded\Valeo\Final Project\DoorHandle\Rcc" -I"../system/include" -I"../system/include/cmsis" -std=gnu11 -MMD -MP -MF"src/main.d" -MT"src/main.o" -c -o "src/main.o" "../src/main.c"
Finished building: ../src/main.c
 
Building file: ../Rcc/Rcc.c
Invoking: GNU Arm Cross C Compiler
arm-none-eabi-gcc -mcpu=cortex-m4 -mthumb -mfloat-abi=soft -O0 -fmessage-length=0 -fsigned-char -ffunction-sections -fdata-sections -ffreestanding -Wall -Wextra -g -DNDEBUG -DSTM32F401xE -DHSE_VALUE=8000000 -I"../include" -I"D:\My PC\Projects\Embedded\Valeo\Final Project\DoorHandle\Gpio" -I"D:\My PC\Projects\Embedded\Valeo\Final Project\DoorHandle\Lib" -I"D:\My PC\Projects\Embedded\Valeo\Final Project\DoorHandle\Rcc" -I"../system/include" -I"../system/include/cmsis" -std=gnu11 -MMD -MP -MF"Rcc/Rcc.d" -MT"Rcc/Rcc.o" -c -o "Rcc/Rcc.o" "../Rcc/Rcc.c"
Finished building: ../Rcc/Rcc.c
 
Building file: ../Gpio/Gpio.c
Invoking: GNU Arm Cross C Compiler
arm-none-eabi-gcc -mcpu=cortex-m4 -mthumb -mfloat-abi=soft -O0 -fmessage-length=0 -fsigned-char -ffunction-sections -fdata-sections -ffreestanding -Wall -Wextra -g -DNDEBUG -DSTM32F401xE -DHSE_VALUE=8000000 -I"../include" -I"D:\My PC\Projects\Embedded\Valeo\Final Project\DoorHandle\Gpio" -I"D:\My PC\Projects\Embedded\Valeo\Final Project\DoorHandle\Lib" -I"D:\My PC\Projects\Embedded\Valeo\Final Project\DoorHandle\Rcc" -I"../system/include" -I"../system/include/cmsis" -std=gnu11 -MMD -MP -MF"Gpio/Gpio.d" -MT"Gpio/Gpio.o" -c -o "Gpio/Gpio.o" "../Gpio/Gpio.c"
Finished building: ../Gpio/Gpio.c
 
Building target: DoorHandle.elf
Invoking: GNU Arm Cross C++ Linker
arm-none-eabi-g++ -mcpu=cortex-m4 -mthumb -mfloat-abi=soft -O0 -fmessage-length=0 -fsigned-char -ffunction-sections -fdata-sections -ffreestanding -Wall -Wextra -g -T mem.ld -T libs.ld -T sections.ld -nostartfiles -Xlinker --gc-sections -L"../ldscripts" -Wl,-Map,"DoorHandle.map" --specs=nano.specs -o "DoorHandle.elf" ./system/src/newlib/assert.o ./system/src/newlib/cxx.o ./system/src/newlib/exit.o ./system/src/newlib/sbrk.o ./system/src/newlib/startup.o ./system/src/newlib/syscalls.o  ./system/src/diag/trace-impl.o ./system/src/diag/trace.o  ./system/src/cortexm/exception-handlers.o ./system/src/cortexm/initialize-hardware.o ./system/src/cortexm/reset-hardware.o  ./system/src/cmsis/system_stm32f4xx.o ./system/src/cmsis/vectors_stm32f401xe.o  ./src/main.o  ./Rcc/Rcc.o  ./Gpio/Gpio.o   
Finished building target: DoorHandle.elf
 
Invoking: GNU Arm Cross Create Flash Image
arm-none-eabi-objcopy -O ihex "DoorHandle.elf"  "DoorHandle.hex"
Finished building: DoorHandle.hex
 
Invoking: GNU Arm Cross Print Size
arm-none-eabi-size --format=berkeley "DoorHandle.elf"
   text	   data	    bss	    dec	    hex	filename
   1398	     52	    260	   1710	    6ae	DoorHandle.elf
Finished building: DoorHandle.siz
 

22:52:44 Build Finished. 0 errors, 0 warnings. (took 4s.105ms)

