22:52:40 **** Build of configuration Release for project DoorHandle ****
make all 
Building file: ../system/src/newlib/assert.c
Invoking: GNU Arm Cross C Compiler
arm-none-eabi-gcc -mcpu=cortex-m4 -mthumb -mfloat-abi=soft -O0 -fmessage-length=0 -fsigned-char -ffunction-sections -fdata-sections -ffreestanding -Wall -Wextra -g -DNDEBUG -DSTM32F401xE -DHSE_VALUE=8000000 -I"../include" -I"D:\My PC\Projects\Embedded\Valeo\Final Project\DoorHandle\Gpio" -I"D:\My PC\Projects\Embedded\Valeo\Final Project\DoorHandle\Lib" -I"D:\My PC\Projects\Embedded\Valeo\Final Project\DoorHandle\Rcc" -I"../system/include" -I"../system/include/cmsis" -std=gnu11 -MMD -MP -MF"system/src/newlib/assert.d" -MT"system/src/newlib/assert.o" -c -o "system/src/newlib/assert.o" "../system/src/newlib/assert.c"
Finished building: ../system/src/newlib/assert.c
 
Building file: ../system/src/newlib/cxx.cpp
Invoking: GNU Arm Cross C++ Compiler
arm-none-eabi-g++ -mcpu=cortex-m4 -mthumb -mfloat-abi=soft -O0 -fmessage-length=0 -fsigned-char -ffunction-sections -fdata-sections -ffreestanding -Wall -Wextra -g -DNDEBUG -DSTM32F401xE -DUSE_HAL_DRIVER -DHSE_VALUE=8000000 -I"../include" -I"../system/include" -I"../system/include/cmsis" -I"../system/include/stm32f4-hal" -std=gnu++11 -fabi-version=0 -fno-exceptions -fno-rtti -fno-use-cxa-atexit -fno-threadsafe-statics -MMD -MP -MF"system/src/newlib/cxx.d" -MT"system/src/newlib/cxx.o" -c -o "system/src/newlib/cxx.o" "../system/src/newlib/cxx.cpp"
Finished building: ../system/src/newlib/cxx.cpp
 
Building file: ../system/src/newlib/exit.c
Invoking: GNU Arm Cross C Compiler
arm-none-eabi-gcc -mcpu=cortex-m4 -mthumb -mfloat-abi=soft -O0 -fmessage-length=0 -fsigned-char -ffunction-sections -fdata-sections -ffreestanding -Wall -Wextra -g -DNDEBUG -DSTM32F401xE -DHSE_VALUE=8000000 -I"../include" -I"D:\My PC\Projects\Embedded\Valeo\Final Project\DoorHandle\Gpio" -I"D:\My PC\Projects\Embedded\Valeo\Final Project\DoorHandle\Lib" -I"D:\My PC\Projects\Embedded\Valeo\Final Project\DoorHandle\Rcc" -I"../system/include" -I"../system/include/cmsis" -std=gnu11 -MMD -MP -MF"system/src/newlib/exit.d" -MT"system/src/newlib/exit.o" -c -o "system/src/newlib/exit.o" "../system/src/newlib/exit.c"
Finished building: ../system/src/newlib/exit.c
 
Building file: ../system/src/newlib/sbrk.c
Invoking: GNU Arm Cross C Compiler
arm-none-eabi-gcc -mcpu=cortex-m4 -mthumb -mfloat-abi=soft -O0 -fmessage-length=0 -fsigned-char -ffunction-sections -fdata-sections -ffreestanding -Wall -Wextra -g -DNDEBUG -DSTM32F401xE -DHSE_VALUE=8000000 -I"../include" -I"D:\My PC\Projects\Embedded\Valeo\Final Project\DoorHandle\Gpio" -I"D:\My PC\Projects\Embedded\Valeo\Final Project\DoorHandle\Lib" -I"D:\My PC\Projects\Embedded\Valeo\Final Project\DoorHandle\Rcc" -I"../system/include" -I"../system/include/cmsis" -std=gnu11 -MMD -MP -MF"system/src/newlib/sbrk.d" -MT"system/src/newlib/sbrk.o" -c -o "system/src/newlib/sbrk.o" "../system/src/newlib/sbrk.c"
Finished building: ../system/src/newlib/sbrk.c
 
Building file: ../system/src/newlib/startup.c
Invoking: GNU Arm Cross C Compiler
arm-none-eabi-gcc -mcpu=cortex-m4 -mthumb -mfloat-abi=soft -O0 -fmessage-length=0 -fsigned-char -ffunction-sections -fdata-sections -ffreestanding -Wall -Wextra -g -DNDEBUG -DSTM32F401xE -DUSE_HAL_DRIVER -DHSE_VALUE=8000000 -DOS_INCLUDE_STARTUP_INIT_MULTIPLE_RAM_SECTIONS -I"../include" -I"D:\My PC\Projects\Embedded\Valeo\Final Project\DoorHandle\Gpio" -I"D:\My PC\Projects\Embedded\Valeo\Final Project\DoorHandle\Lib" -I"D:\My PC\Projects\Embedded\Valeo\Final Project\DoorHandle\Rcc" -I"../system/include" -I"../system/include/cmsis" -std=gnu11 -MMD -MP -MF"system/src/newlib/startup.d" -MT"system/src/newlib/startup.o" -c -o "system/src/newlib/startup.o" "../system/src/newlib/startup.c"
Finished building: ../system/src/newlib/startup.c
 
Building file: ../system/src/newlib/syscalls.c
Invoking: GNU Arm Cross C Compiler
arm-none-eabi-gcc -mcpu=cortex-m4 -mthumb -mfloat-abi=soft -O0 -fmessage-length=0 -fsigned-char -ffunction-sections -fdata-sections -ffreestanding -Wall -Wextra -g -DNDEBUG -DSTM32F401xE -DHSE_VALUE=8000000 -I"../include" -I"D:\My PC\Projects\Embedded\Valeo\Final Project\DoorHandle\Gpio" -I"D:\My PC\Projects\Embedded\Valeo\Final Project\DoorHandle\Lib" -I"D:\My PC\Projects\Embedded\Valeo\Final Project\DoorHandle\Rcc" -I"../system/include" -I"../system/include/cmsis" -std=gnu11 -MMD -MP -MF"system/src/newlib/syscalls.d" -MT"system/src/newlib/syscalls.o" -c -o "system/src/newlib/syscalls.o" "../system/src/newlib/syscalls.c"
Finished building: ../system/src/newlib/syscalls.c
 
Building file: ../system/src/diag/trace-impl.c
Invoking: GNU Arm Cross C Compiler
arm-none-eabi-gcc -mcpu=cortex-m4 -mthumb -mfloat-abi=soft -O0 -fmessage-length=0 -fsigned-char -ffunction-sections -fdata-sections -ffreestanding -Wall -Wextra -g -DNDEBUG -DSTM32F401xE -DHSE_VALUE=8000000 -I"../include" -I"D:\My PC\Projects\Embedded\Valeo\Final Project\DoorHandle\Gpio" -I"D:\My PC\Projects\Embedded\Valeo\Final Project\DoorHandle\Lib" -I"D:\My PC\Projects\Embedded\Valeo\Final Project\DoorHandle\Rcc" -I"../system/include" -I"../system/include/cmsis" -std=gnu11 -MMD -MP -MF"system/src/diag/trace-impl.d" -MT"system/src/diag/trace-impl.o" -c -o "system/src/diag/trace-impl.o" "../system/src/diag/trace-impl.c"
Finished building: ../system/src/diag/trace-impl.c
 
Building file: ../system/src/diag/trace.c
Invoking: GNU Arm Cross C Compiler
arm-none-eabi-gcc -mcpu=cortex-m4 -mthumb -mfloat-abi=soft -O0 -fmessage-length=0 -fsigned-char -ffunction-sections -fdata-sections -ffreestanding -Wall -Wextra -g -DNDEBUG -DSTM32F401xE -DHSE_VALUE=8000000 -I"../include" -I"D:\My PC\Projects\Embedded\Valeo\Final Project\DoorHandle\Gpio" -I"D:\My PC\Projects\Embedded\Valeo\Final Project\DoorHandle\Lib" -I"D:\My PC\Projects\Embedded\Valeo\Final Project\DoorHandle\Rcc" -I"../system/include" -I"../system/include/cmsis" -std=gnu11 -MMD -MP -MF"system/src/diag/trace.d" -MT"system/src/diag/trace.o" -c -o "system/src/diag/trace.o" "../system/src/diag/trace.c"
Finished building: ../system/src/diag/trace.c
 
Building file: ../system/src/cortexm/exception-handlers.c
Invoking: GNU Arm Cross C Compiler
arm-none-eabi-gcc -mcpu=cortex-m4 -mthumb -mfloat-abi=soft -O0 -fmessage-length=0 -fsigned-char -ffunction-sections -fdata-sections -ffreestanding -Wall -Wextra -g -DNDEBUG -DSTM32F401xE -DHSE_VALUE=8000000 -I"../include" -I"D:\My PC\Projects\Embedded\Valeo\Final Project\DoorHandle\Gpio" -I"D:\My PC\Projects\Embedded\Valeo\Final Project\DoorHandle\Lib" -I"D:\My PC\Projects\Embedded\Valeo\Final Project\DoorHandle\Rcc" -I"../system/include" -I"../system/include/cmsis" -std=gnu11 -MMD -MP -MF"system/src/cortexm/exception-handlers.d" -MT"system/src/cortexm/exception-handlers.o" -c -o "system/src/cortexm/exception-handlers.o" "../system/src/cortexm/exception-handlers.c"
Finished building: ../system/src/cortexm/exception-handlers.c
 
Building file: ../system/src/cortexm/initialize-hardware.c
Invoking: GNU Arm Cross C Compiler
arm-none-eabi-gcc -mcpu=cortex-m4 -mthumb -mfloat-abi=soft -O0 -fmessage-length=0 -fsigned-char -ffunction-sections -fdata-sections -ffreestanding -Wall -Wextra -g -DNDEBUG -DSTM32F401xE -DHSE_VALUE=8000000 -I"../include" -I"D:\My PC\Projects\Embedded\Valeo\Final Project\DoorHandle\Gpio" -I"D:\My PC\Projects\Embedded\Valeo\Final Project\DoorHandle\Lib" -I"D:\My PC\Projects\Embedded\Valeo\Final Project\DoorHandle\Rcc" -I"../system/include" -I"../system/include/cmsis" -std=gnu11 -MMD -MP -MF"system/src/cortexm/initialize-hardware.d" -MT"system/src/cortexm/initialize-hardware.o" -c -o "system/src/cortexm/initialize-hardware.o" "../system/src/cortexm/initialize-hardware.c"
Finished building: ../system/src/cortexm/initialize-hardware.c
 
Building file: ../system/src/cortexm/reset-hardware.c
Invoking: GNU Arm Cross C Compiler
arm-none-eabi-gcc -mcpu=cortex-m4 -mthumb -mfloat-abi=soft -O0 -fmessage-length=0 -fsigned-char -ffunction-sections -fdata-sections -ffreestanding -Wall -Wextra -g -DNDEBUG -DSTM32F401xE -DHSE_VALUE=8000000 -I"../include" -I"D:\My PC\Projects\Embedded\Valeo\Final Project\DoorHandle\Gpio" -I"D:\My PC\Projects\Embedded\Valeo\Final Project\DoorHandle\Lib" -I"D:\My PC\Projects\Embedded\Valeo\Final Project\DoorHandle\Rcc" -I"../system/include" -I"../system/include/cmsis" -std=gnu11 -MMD -MP -MF"system/src/cortexm/reset-hardware.d" -MT"system/src/cortexm/reset-hardware.o" -c -o "system/src/cortexm/reset-hardware.o" "../system/src/cortexm/reset-hardware.c"
Finished building: ../system/src/cortexm/reset-hardware.c
 
Building file: ../system/src/cmsis/system_stm32f4xx.c
Invoking: GNU Arm Cross C Compiler
arm-none-eabi-gcc -mcpu=cortex-m4 -mthumb -mfloat-abi=soft -O0 -fmessage-length=0 -fsigned-char -ffunction-sections -fdata-sections -ffreestanding -Wall -Wextra -g -DNDEBUG -DSTM32F401xE -DHSE_VALUE=8000000 -I"../include" -I"D:\My PC\Projects\Embedded\Valeo\Final Project\DoorHandle\Gpio" -I"D:\My PC\Projects\Embedded\Valeo\Final Project\DoorHandle\Lib" -I"D:\My PC\Projects\Embedded\Valeo\Final Project\DoorHandle\Rcc" -I"../system/include" -I"../system/include/cmsis" -std=gnu11 -Wno-padded -MMD -MP -MF"system/src/cmsis/system_stm32f4xx.d" -MT"system/src/cmsis/system_stm32f4xx.o" -c -o "system/src/cmsis/system_stm32f4xx.o" "../system/src/cmsis/system_stm32f4xx.c"
Finished building: ../system/src/cmsis/system_stm32f4xx.c
 
Building file: ../system/src/cmsis/vectors_stm32f401xe.c
Invoking: GNU Arm Cross C Compiler
arm-none-eabi-gcc -mcpu=cortex-m4 -mthumb -mfloat-abi=soft -O0 -fmessage-length=0 -fsigned-char -ffunction-sections -fdata-sections -ffreestanding -Wall -Wextra -g -DNDEBUG -DSTM32F401xE -DHSE_VALUE=8000000 -I"../include" -I"D:\My PC\Projects\Embedded\Valeo\Final Project\DoorHandle\Gpio" -I"D:\My PC\Projects\Embedded\Valeo\Final Project\DoorHandle\Lib" -I"D:\My PC\Projects\Embedded\Valeo\Final Project\DoorHandle\Rcc" -I"../system/include" -I"../system/include/cmsis" -std=gnu11 -MMD -MP -MF"system/src/cmsis/vectors_stm32f401xe.d" -MT"system/src/cmsis/vectors_stm32f401xe.o" -c -o "system/src/cmsis/vectors_stm32f401xe.o" "../system/src/cmsis/vectors_stm32f401xe.c"
Finished building: ../system/src/cmsis/vectors_stm32f401xe.c
 
Building file: ../src/main.c
Invoking: GNU Arm Cross C Compiler
arm-none-eabi-gcc -mcpu=cortex-m4 -mthumb -mfloat-abi=soft -O0 -fmessage-length=0 -fsigned-char -ffunction-sections -fdata-sections -ffreestanding -Wall -Wextra -g -DNDEBUG -DSTM32F401xE -DHSE_VALUE=8000000 -I"../include" -I"D:\My PC\Projects\Embedded\Valeo\Final Project\DoorHandle\Gpio" -I"D:\My PC\Projects\Embedded\Valeo\Final Project\DoorHandle\Lib" -I"D:\My PC\Projects\Embedded\Valeo\Final Project\DoorHandle\Rcc" -I"../system/include" -I"../system/include/cmsis" -std=gnu11 -MMD -MP -MF"src/main.d" -MT"src/main.o" -c -o "src/main.o" "../src/main.c"
Finished building: ../src/main.c
 
Building file: ../Rcc/Rcc.c
Invoking: GNU Arm Cross C Compiler
arm-none-eabi-gcc -mcpu=cortex-m4 -mthumb -mfloat-abi=soft -O0 -fmessage-length=0 -fsigned-char -ffunction-sections -fdata-sections -ffreestanding -Wall -Wextra -g -DNDEBUG -DSTM32F401xE -DHSE_VALUE=8000000 -I"../include" -I"D:\My PC\Projects\Embedded\Valeo\Final Project\DoorHandle\Gpio" -I"D:\My PC\Projects\Embedded\Valeo\Final Project\DoorHandle\Lib" -I"D:\My PC\Projects\Embedded\Valeo\Final Project\DoorHandle\Rcc" -I"../system/include" -I"../system/include/cmsis" -std=gnu11 -MMD -MP -MF"Rcc/Rcc.d" -MT"Rcc/Rcc.o" -c -o "Rcc/Rcc.o" "../Rcc/Rcc.c"
Finished building: ../Rcc/Rcc.c
 
Building file: ../Gpio/Gpio.c
Invoking: GNU Arm Cross C Compiler
arm-none-eabi-gcc -mcpu=cortex-m4 -mthumb -mfloat-abi=soft -O0 -fmessage-length=0 -fsigned-char -ffunction-sections -fdata-sections -ffreestanding -Wall -Wextra -g -DNDEBUG -DSTM32F401xE -DHSE_VALUE=8000000 -I"../include" -I"D:\My PC\Projects\Embedded\Valeo\Final Project\DoorHandle\Gpio" -I"D:\My PC\Projects\Embedded\Valeo\Final Project\DoorHandle\Lib" -I"D:\My PC\Projects\Embedded\Valeo\Final Project\DoorHandle\Rcc" -I"../system/include" -I"../system/include/cmsis" -std=gnu11 -MMD -MP -MF"Gpio/Gpio.d" -MT"Gpio/Gpio.o" -c -o "Gpio/Gpio.o" "../Gpio/Gpio.c"
Finished building: ../Gpio/Gpio.c
 
Building target: DoorHandle.elf
Invoking: GNU Arm Cross C++ Linker
arm-none-eabi-g++ -mcpu=cortex-m4 -mthumb -mfloat-abi=soft -O0 -fmessage-length=0 -fsigned-char -ffunction-sections -fdata-sections -ffreestanding -Wall -Wextra -g -T mem.ld -T libs.ld -T sections.ld -nostartfiles -Xlinker --gc-sections -L"../ldscripts" -Wl,-Map,"DoorHandle.map" --specs=nano.specs -o "DoorHandle.elf" ./system/src/newlib/assert.o ./system/src/newlib/cxx.o ./system/src/newlib/exit.o ./system/src/newlib/sbrk.o ./system/src/newlib/startup.o ./system/src/newlib/syscalls.o  ./system/src/diag/trace-impl.o ./system/src/diag/trace.o  ./system/src/cortexm/exception-handlers.o ./system/src/cortexm/initialize-hardware.o ./system/src/cortexm/reset-hardware.o  ./system/src/cmsis/system_stm32f4xx.o ./system/src/cmsis/vectors_stm32f401xe.o  ./src/main.o  ./Rcc/Rcc.o  ./Gpio/Gpio.o   
Finished building target: DoorHandle.elf
 
Invoking: GNU Arm Cross Create Flash Image
arm-none-eabi-objcopy -O ihex "DoorHandle.elf"  "DoorHandle.hex"
Finished building: DoorHandle.hex
 
Invoking: GNU Arm Cross Print Size
arm-none-eabi-size --format=berkeley "DoorHandle.elf"
   text	   data	    bss	    dec	    hex	filename
   1398	     52	    260	   1710	    6ae	DoorHandle.elf
Finished building: DoorHandle.siz
 
17:44:36 **** Build of configuration Release for project DoorHandle ****
make all 
Building file: ../src/helpers.c
Invoking: GNU Arm Cross C Compiler
arm-none-eabi-gcc -mcpu=cortex-m4 -mthumb -mfloat-abi=soft -O0 -fmessage-length=0 -fsigned-char -ffunction-sections -fdata-sections -ffreestanding -Wall -Wextra -g -DNDEBUG -DSTM32F401xE -DHSE_VALUE=8000000 -I"../include" -I"D:\My PC\Projects\Embedded\Valeo\Final Project\DoorHandle\Gpio" -I"D:\My PC\Projects\Embedded\Valeo\Final Project\DoorHandle\Lib" -I"D:\My PC\Projects\Embedded\Valeo\Final Project\DoorHandle\Rcc" -I"../system/include" -I"../system/include/cmsis" -std=gnu11 -MMD -MP -MF"src/helpers.d" -MT"src/helpers.o" -c -o "src/helpers.o" "../src/helpers.c"
../src/helpers.c:9:10: fatal error: Gpt.h: No such file or directory
    9 | #include "Gpt.h"
      |          ^~~~~~~
compilation terminated.
make: *** [src/subdir.mk:23: src/helpers.o] Error 1
"make all" terminated with exit code 2. Build might be incomplete.
17:45:01 **** Incremental Build of configuration Release for project DoorHandle ****
make all 
Building file: ../src/helpers.c
Invoking: GNU Arm Cross C Compiler
arm-none-eabi-gcc -mcpu=cortex-m4 -mthumb -mfloat-abi=soft -O0 -fmessage-length=0 -fsigned-char -ffunction-sections -fdata-sections -ffreestanding -Wall -Wextra -g -DNDEBUG -DSTM32F401xE -DHSE_VALUE=8000000 -I"../include" -I"D:\My PC\Projects\Embedded\Valeo\Final Project\DoorHandle\Gpio" -I"D:\My PC\Projects\Embedded\Valeo\Final Project\DoorHandle\Lib" -I"D:\My PC\Projects\Embedded\Valeo\Final Project\DoorHandle\Rcc" -I"../system/include" -I"../system/include/cmsis" -std=gnu11 -MMD -MP -MF"src/helpers.d" -MT"src/helpers.o" -c -o "src/helpers.o" "../src/helpers.c"
../src/helpers.c:9:10: fatal error: Gpt.h: No such file or directory
    9 | #include "Gpt.h"
      |          ^~~~~~~
compilation terminated.
make: *** [src/subdir.mk:23: src/helpers.o] Error 1
"make all" terminated with exit code 2. Build might be incomplete.
17:45:32 **** Incremental Build of configuration Release for project DoorHandle ****
make all 
Building file: ../src/helpers.c
Invoking: GNU Arm Cross C Compiler
arm-none-eabi-gcc -mcpu=cortex-m4 -mthumb -mfloat-abi=soft -O0 -fmessage-length=0 -fsigned-char -ffunction-sections -fdata-sections -ffreestanding -Wall -Wextra -g -DNDEBUG -DSTM32F401xE -DHSE_VALUE=8000000 -I"../include" -I"D:\My PC\Projects\Embedded\Valeo\Final Project\DoorHandle\Gpio" -I"D:\My PC\Projects\Embedded\Valeo\Final Project\DoorHandle\Lib" -I"D:\My PC\Projects\Embedded\Valeo\Final Project\DoorHandle\Rcc" -I"../system/include" -I"../system/include/cmsis" -std=gnu11 -MMD -MP -MF"src/helpers.d" -MT"src/helpers.o" -c -o "src/helpers.o" "../src/helpers.c"
../src/helpers.c: In function 'unlockDoor':
../src/helpers.c:13:44: error: expected ')' before ';' token
   13 | #define DOOR_LOCK_LED_PORT      GPIO_PORT_B;
      |                                            ^
../src/helpers.c:32:19: note: in expansion of macro 'DOOR_LOCK_LED_PORT'
   32 |     Gpio_WritePin(DOOR_LOCK_LED_PORT, DOOR_LOCK_LED_PIN, HIGH);
      |                   ^~~~~~~~~~~~~~~~~~
../src/helpers.c:32:5: error: too few arguments to function 'Gpio_WritePin'
   32 |     Gpio_WritePin(DOOR_LOCK_LED_PORT, DOOR_LOCK_LED_PIN, HIGH);
      |     ^~~~~~~~~~~~~
In file included from ../src/helpers.c:10:
D:\My PC\Projects\Embedded\Valeo\Final Project\DoorHandle\Gpio/Gpio.h:61:7: note: declared here
   61 | uint8 Gpio_WritePin(uint8 PortName, uint8 PinNum, uint8 Data);
      |       ^~~~~~~~~~~~~
../src/helpers.c:16:44: error: expected ')' before ';' token
   16 | #define AMBIENT_LIGHT_ELD_PORT  GPIO_PORT_B;
      |                                            ^
../src/helpers.c:35:19: note: in expansion of macro 'AMBIENT_LIGHT_ELD_PORT'
   35 |     Gpio_WritePin(AMBIENT_LIGHT_ELD_PORT, AMBIENT_LIGHT_ELD_PIN, HIGH);
      |                   ^~~~~~~~~~~~~~~~~~~~~~
../src/helpers.c:35:5: error: too few arguments to function 'Gpio_WritePin'
   35 |     Gpio_WritePin(AMBIENT_LIGHT_ELD_PORT, AMBIENT_LIGHT_ELD_PIN, HIGH);
      |     ^~~~~~~~~~~~~
In file included from ../src/helpers.c:10:
D:\My PC\Projects\Embedded\Valeo\Final Project\DoorHandle\Gpio/Gpio.h:61:7: note: declared here
   61 | uint8 Gpio_WritePin(uint8 PortName, uint8 PinNum, uint8 Data);
      |       ^~~~~~~~~~~~~
../src/helpers.c:16:44: error: expected ')' before ';' token
   16 | #define AMBIENT_LIGHT_ELD_PORT  GPIO_PORT_B;
      |                                            ^
../src/helpers.c:41:19: note: in expansion of macro 'AMBIENT_LIGHT_ELD_PORT'
   41 |     Gpio_WritePin(AMBIENT_LIGHT_ELD_PORT, AMBIENT_LIGHT_ELD_PIN, LOW);
      |                   ^~~~~~~~~~~~~~~~~~~~~~
../src/helpers.c:41:5: error: too few arguments to function 'Gpio_WritePin'
   41 |     Gpio_WritePin(AMBIENT_LIGHT_ELD_PORT, AMBIENT_LIGHT_ELD_PIN, LOW);
      |     ^~~~~~~~~~~~~
In file included from ../src/helpers.c:10:
D:\My PC\Projects\Embedded\Valeo\Final Project\DoorHandle\Gpio/Gpio.h:61:7: note: declared here
   61 | uint8 Gpio_WritePin(uint8 PortName, uint8 PinNum, uint8 Data);
      |       ^~~~~~~~~~~~~
../src/helpers.c: In function 'lockDoor':
../src/helpers.c:13:44: error: expected ')' before ';' token
   13 | #define DOOR_LOCK_LED_PORT      GPIO_PORT_B;
      |                                            ^
../src/helpers.c:49:19: note: in expansion of macro 'DOOR_LOCK_LED_PORT'
   49 |     Gpio_WritePin(DOOR_LOCK_LED_PORT, DOOR_LOCK_LED_PIN, LOW);
      |                   ^~~~~~~~~~~~~~~~~~
../src/helpers.c:49:5: error: too few arguments to function 'Gpio_WritePin'
   49 |     Gpio_WritePin(DOOR_LOCK_LED_PORT, DOOR_LOCK_LED_PIN, LOW);
      |     ^~~~~~~~~~~~~
In file included from ../src/helpers.c:10:
D:\My PC\Projects\Embedded\Valeo\Final Project\DoorHandle\Gpio/Gpio.h:61:7: note: declared here
   61 | uint8 Gpio_WritePin(uint8 PortName, uint8 PinNum, uint8 Data);
      |       ^~~~~~~~~~~~~
../src/helpers.c:16:44: error: expected ')' before ';' token
   16 | #define AMBIENT_LIGHT_ELD_PORT  GPIO_PORT_B;
      |                                            ^
../src/helpers.c:52:19: note: in expansion of macro 'AMBIENT_LIGHT_ELD_PORT'
   52 |     Gpio_WritePin(AMBIENT_LIGHT_ELD_PORT, AMBIENT_LIGHT_ELD_PIN, LOW);
      |                   ^~~~~~~~~~~~~~~~~~~~~~
../src/helpers.c:52:5: error: too few arguments to function 'Gpio_WritePin'
   52 |     Gpio_WritePin(AMBIENT_LIGHT_ELD_PORT, AMBIENT_LIGHT_ELD_PIN, LOW);
      |     ^~~~~~~~~~~~~
In file included from ../src/helpers.c:10:
D:\My PC\Projects\Embedded\Valeo\Final Project\DoorHandle\Gpio/Gpio.h:61:7: note: declared here
   61 | uint8 Gpio_WritePin(uint8 PortName, uint8 PinNum, uint8 Data);
      |       ^~~~~~~~~~~~~
../src/helpers.c: In function 'blinkHazardLights':
../src/helpers.c:15:44: error: expected ')' before ';' token
   15 | #define HAZARD_LED_PORT         GPIO_PORT_B;
      |                                            ^
../src/helpers.c:63:20: note: in expansion of macro 'HAZARD_LED_PORT'
   63 |      Gpio_WritePin(HAZARD_LED_PORT, HAZARD_LED_PIN, HIGH);
      |                    ^~~~~~~~~~~~~~~
../src/helpers.c:63:6: error: too few arguments to function 'Gpio_WritePin'
   63 |      Gpio_WritePin(HAZARD_LED_PORT, HAZARD_LED_PIN, HIGH);
      |      ^~~~~~~~~~~~~
In file included from ../src/helpers.c:10:
D:\My PC\Projects\Embedded\Valeo\Final Project\DoorHandle\Gpio/Gpio.h:61:7: note: declared here
   61 | uint8 Gpio_WritePin(uint8 PortName, uint8 PinNum, uint8 Data);
      |       ^~~~~~~~~~~~~
../src/helpers.c:66:9: warning: implicit declaration of function 'GPT_StartTimer' [-Wimplicit-function-declaration]
   66 |         GPT_StartTimer(BLINK_DELAY_TICKS);
      |         ^~~~~~~~~~~~~~
../src/helpers.c:67:17: warning: implicit declaration of function 'GPT_CheckTimeIsElapsed' [-Wimplicit-function-declaration]
   67 |         while (!GPT_CheckTimeIsElapsed());
      |                 ^~~~~~~~~~~~~~~~~~~~~~
../src/helpers.c:15:44: error: expected ')' before ';' token
   15 | #define HAZARD_LED_PORT         GPIO_PORT_B;
      |                                            ^
../src/helpers.c:70:23: note: in expansion of macro 'HAZARD_LED_PORT'
   70 |         Gpio_WritePin(HAZARD_LED_PORT, HAZARD_LED_PIN, LOW);
      |                       ^~~~~~~~~~~~~~~
../src/helpers.c:70:9: error: too few arguments to function 'Gpio_WritePin'
   70 |         Gpio_WritePin(HAZARD_LED_PORT, HAZARD_LED_PIN, LOW);
      |         ^~~~~~~~~~~~~
In file included from ../src/helpers.c:10:
D:\My PC\Projects\Embedded\Valeo\Final Project\DoorHandle\Gpio/Gpio.h:61:7: note: declared here
   61 | uint8 Gpio_WritePin(uint8 PortName, uint8 PinNum, uint8 Data);
      |       ^~~~~~~~~~~~~
make: *** [src/subdir.mk:23: src/helpers.o] Error 1
"make all" terminated with exit code 2. Build might be incomplete.
17:47:35 **** Incremental Build of configuration Release for project DoorHandle ****
make all 
Building file: ../src/helpers.c
Invoking: GNU Arm Cross C Compiler
arm-none-eabi-gcc -mcpu=cortex-m4 -mthumb -mfloat-abi=soft -O0 -fmessage-length=0 -fsigned-char -ffunction-sections -fdata-sections -ffreestanding -Wall -Wextra -g -DNDEBUG -DSTM32F401xE -DHSE_VALUE=8000000 -I"../include" -I"D:\My PC\Projects\Embedded\Valeo\Final Project\DoorHandle\Gpio" -I"D:\My PC\Projects\Embedded\Valeo\Final Project\DoorHandle\Lib" -I"D:\My PC\Projects\Embedded\Valeo\Final Project\DoorHandle\Rcc" -I"../system/include" -I"../system/include/cmsis" -std=gnu11 -MMD -MP -MF"src/helpers.d" -MT"src/helpers.o" -c -o "src/helpers.o" "../src/helpers.c"
../src/helpers.c: In function 'blinkHazardLights':
../src/helpers.c:67:9: warning: implicit declaration of function 'GPT_StartTimer' [-Wimplicit-function-declaration]
   67 |         GPT_StartTimer(BLINK_DELAY_TICKS);
      |         ^~~~~~~~~~~~~~
../src/helpers.c:68:17: warning: implicit declaration of function 'GPT_CheckTimeIsElapsed' [-Wimplicit-function-declaration]
   68 |         while (!GPT_CheckTimeIsElapsed());
      |                 ^~~~~~~~~~~~~~~~~~~~~~
Finished building: ../src/helpers.c
 
Building file: ../src/main.c
Invoking: GNU Arm Cross C Compiler
arm-none-eabi-gcc -mcpu=cortex-m4 -mthumb -mfloat-abi=soft -O0 -fmessage-length=0 -fsigned-char -ffunction-sections -fdata-sections -ffreestanding -Wall -Wextra -g -DNDEBUG -DSTM32F401xE -DHSE_VALUE=8000000 -I"../include" -I"D:\My PC\Projects\Embedded\Valeo\Final Project\DoorHandle\Gpio" -I"D:\My PC\Projects\Embedded\Valeo\Final Project\DoorHandle\Lib" -I"D:\My PC\Projects\Embedded\Valeo\Final Project\DoorHandle\Rcc" -I"../system/include" -I"../system/include/cmsis" -std=gnu11 -MMD -MP -MF"src/main.d" -MT"src/main.o" -c -o "src/main.o" "../src/main.c"
Finished building: ../src/main.c
 
Building target: DoorHandle.elf
Invoking: GNU Arm Cross C++ Linker
arm-none-eabi-g++ -mcpu=cortex-m4 -mthumb -mfloat-abi=soft -O0 -fmessage-length=0 -fsigned-char -ffunction-sections -fdata-sections -ffreestanding -Wall -Wextra -g -T mem.ld -T libs.ld -T sections.ld -nostartfiles -Xlinker --gc-sections -L"../ldscripts" -Wl,-Map,"DoorHandle.map" --specs=nano.specs -o "DoorHandle.elf" ./system/src/newlib/assert.o ./system/src/newlib/cxx.o ./system/src/newlib/exit.o ./system/src/newlib/sbrk.o ./system/src/newlib/startup.o ./system/src/newlib/syscalls.o  ./system/src/diag/trace-impl.o ./system/src/diag/trace.o  ./system/src/cortexm/exception-handlers.o ./system/src/cortexm/initialize-hardware.o ./system/src/cortexm/reset-hardware.o  ./system/src/cmsis/system_stm32f4xx.o ./system/src/cmsis/vectors_stm32f401xe.o  ./src/helpers.o ./src/main.o  ./Rcc/Rcc.o  ./Gpio/Gpio.o   
Finished building target: DoorHandle.elf
 
Invoking: GNU Arm Cross Create Flash Image
arm-none-eabi-objcopy -O ihex "DoorHandle.elf"  "DoorHandle.hex"
Finished building: DoorHandle.hex
 
Invoking: GNU Arm Cross Print Size
arm-none-eabi-size --format=berkeley "DoorHandle.elf"
   text	   data	    bss	    dec	    hex	filename
   1398	     52	    260	   1710	    6ae	DoorHandle.elf
Finished building: DoorHandle.siz
 
17:47:45 **** Incremental Build of configuration Release for project DoorHandle ****
make all 
Building file: ../src/helpers.c
Invoking: GNU Arm Cross C Compiler
arm-none-eabi-gcc -mcpu=cortex-m4 -mthumb -mfloat-abi=soft -O0 -fmessage-length=0 -fsigned-char -ffunction-sections -fdata-sections -ffreestanding -Wall -Wextra -g -DNDEBUG -DSTM32F401xE -DHSE_VALUE=8000000 -I"../include" -I"D:\My PC\Projects\Embedded\Valeo\Final Project\DoorHandle\Gpio" -I"D:\My PC\Projects\Embedded\Valeo\Final Project\DoorHandle\Lib" -I"D:\My PC\Projects\Embedded\Valeo\Final Project\DoorHandle\Rcc" -I"../system/include" -I"../system/include/cmsis" -std=gnu11 -MMD -MP -MF"src/helpers.d" -MT"src/helpers.o" -c -o "src/helpers.o" "../src/helpers.c"
../src/helpers.c:9:10: fatal error: Gpt.h: No such file or directory
    9 | #include "Gpt.h"
      |          ^~~~~~~
compilation terminated.
make: *** [src/subdir.mk:23: src/helpers.o] Error 1
"make all" terminated with exit code 2. Build might be incomplete.
17:49:28 **** Incremental Build of configuration Release for project DoorHandle ****
make all 
Building file: ../system/src/newlib/assert.c
Invoking: GNU Arm Cross C Compiler
arm-none-eabi-gcc -mcpu=cortex-m4 -mthumb -mfloat-abi=soft -O0 -fmessage-length=0 -fsigned-char -ffunction-sections -fdata-sections -ffreestanding -Wall -Wextra -g -DNDEBUG -DSTM32F401xE -DHSE_VALUE=8000000 -I"../include" -I"D:\My PC\Projects\Embedded\Valeo\Final Project\DoorHandle\Gpt" -I"D:\My PC\Projects\Embedded\Valeo\Final Project\DoorHandle\Gpio" -I"D:\My PC\Projects\Embedded\Valeo\Final Project\DoorHandle\Lib" -I"D:\My PC\Projects\Embedded\Valeo\Final Project\DoorHandle\Rcc" -I"../system/include" -I"../system/include/cmsis" -std=gnu11 -MMD -MP -MF"system/src/newlib/assert.d" -MT"system/src/newlib/assert.o" -c -o "system/src/newlib/assert.o" "../system/src/newlib/assert.c"
Finished building: ../system/src/newlib/assert.c
 
Building file: ../system/src/newlib/cxx.cpp
Invoking: GNU Arm Cross C++ Compiler
arm-none-eabi-g++ -mcpu=cortex-m4 -mthumb -mfloat-abi=soft -O0 -fmessage-length=0 -fsigned-char -ffunction-sections -fdata-sections -ffreestanding -Wall -Wextra -g -DNDEBUG -DSTM32F401xE -DUSE_HAL_DRIVER -DHSE_VALUE=8000000 -I"../include" -I"../system/include" -I"../system/include/cmsis" -I"../system/include/stm32f4-hal" -std=gnu++11 -fabi-version=0 -fno-exceptions -fno-rtti -fno-use-cxa-atexit -fno-threadsafe-statics -MMD -MP -MF"system/src/newlib/cxx.d" -MT"system/src/newlib/cxx.o" -c -o "system/src/newlib/cxx.o" "../system/src/newlib/cxx.cpp"
Finished building: ../system/src/newlib/cxx.cpp
 
Building file: ../system/src/newlib/exit.c
Invoking: GNU Arm Cross C Compiler
arm-none-eabi-gcc -mcpu=cortex-m4 -mthumb -mfloat-abi=soft -O0 -fmessage-length=0 -fsigned-char -ffunction-sections -fdata-sections -ffreestanding -Wall -Wextra -g -DNDEBUG -DSTM32F401xE -DHSE_VALUE=8000000 -I"../include" -I"D:\My PC\Projects\Embedded\Valeo\Final Project\DoorHandle\Gpt" -I"D:\My PC\Projects\Embedded\Valeo\Final Project\DoorHandle\Gpio" -I"D:\My PC\Projects\Embedded\Valeo\Final Project\DoorHandle\Lib" -I"D:\My PC\Projects\Embedded\Valeo\Final Project\DoorHandle\Rcc" -I"../system/include" -I"../system/include/cmsis" -std=gnu11 -MMD -MP -MF"system/src/newlib/exit.d" -MT"system/src/newlib/exit.o" -c -o "system/src/newlib/exit.o" "../system/src/newlib/exit.c"
Finished building: ../system/src/newlib/exit.c
 
Building file: ../system/src/newlib/sbrk.c
Invoking: GNU Arm Cross C Compiler
arm-none-eabi-gcc -mcpu=cortex-m4 -mthumb -mfloat-abi=soft -O0 -fmessage-length=0 -fsigned-char -ffunction-sections -fdata-sections -ffreestanding -Wall -Wextra -g -DNDEBUG -DSTM32F401xE -DHSE_VALUE=8000000 -I"../include" -I"D:\My PC\Projects\Embedded\Valeo\Final Project\DoorHandle\Gpt" -I"D:\My PC\Projects\Embedded\Valeo\Final Project\DoorHandle\Gpio" -I"D:\My PC\Projects\Embedded\Valeo\Final Project\DoorHandle\Lib" -I"D:\My PC\Projects\Embedded\Valeo\Final Project\DoorHandle\Rcc" -I"../system/include" -I"../system/include/cmsis" -std=gnu11 -MMD -MP -MF"system/src/newlib/sbrk.d" -MT"system/src/newlib/sbrk.o" -c -o "system/src/newlib/sbrk.o" "../system/src/newlib/sbrk.c"
Finished building: ../system/src/newlib/sbrk.c
 
Building file: ../system/src/newlib/startup.c
Invoking: GNU Arm Cross C Compiler
arm-none-eabi-gcc -mcpu=cortex-m4 -mthumb -mfloat-abi=soft -O0 -fmessage-length=0 -fsigned-char -ffunction-sections -fdata-sections -ffreestanding -Wall -Wextra -g -DNDEBUG -DSTM32F401xE -DUSE_HAL_DRIVER -DHSE_VALUE=8000000 -DOS_INCLUDE_STARTUP_INIT_MULTIPLE_RAM_SECTIONS -I"../include" -I"D:\My PC\Projects\Embedded\Valeo\Final Project\DoorHandle\Gpt" -I"D:\My PC\Projects\Embedded\Valeo\Final Project\DoorHandle\Gpio" -I"D:\My PC\Projects\Embedded\Valeo\Final Project\DoorHandle\Lib" -I"D:\My PC\Projects\Embedded\Valeo\Final Project\DoorHandle\Rcc" -I"../system/include" -I"../system/include/cmsis" -std=gnu11 -MMD -MP -MF"system/src/newlib/startup.d" -MT"system/src/newlib/startup.o" -c -o "system/src/newlib/startup.o" "../system/src/newlib/startup.c"
Finished building: ../system/src/newlib/startup.c
 
Building file: ../system/src/newlib/syscalls.c
Invoking: GNU Arm Cross C Compiler
arm-none-eabi-gcc -mcpu=cortex-m4 -mthumb -mfloat-abi=soft -O0 -fmessage-length=0 -fsigned-char -ffunction-sections -fdata-sections -ffreestanding -Wall -Wextra -g -DNDEBUG -DSTM32F401xE -DHSE_VALUE=8000000 -I"../include" -I"D:\My PC\Projects\Embedded\Valeo\Final Project\DoorHandle\Gpt" -I"D:\My PC\Projects\Embedded\Valeo\Final Project\DoorHandle\Gpio" -I"D:\My PC\Projects\Embedded\Valeo\Final Project\DoorHandle\Lib" -I"D:\My PC\Projects\Embedded\Valeo\Final Project\DoorHandle\Rcc" -I"../system/include" -I"../system/include/cmsis" -std=gnu11 -MMD -MP -MF"system/src/newlib/syscalls.d" -MT"system/src/newlib/syscalls.o" -c -o "system/src/newlib/syscalls.o" "../system/src/newlib/syscalls.c"
Finished building: ../system/src/newlib/syscalls.c
 
Building file: ../system/src/diag/trace-impl.c
Invoking: GNU Arm Cross C Compiler
arm-none-eabi-gcc -mcpu=cortex-m4 -mthumb -mfloat-abi=soft -O0 -fmessage-length=0 -fsigned-char -ffunction-sections -fdata-sections -ffreestanding -Wall -Wextra -g -DNDEBUG -DSTM32F401xE -DHSE_VALUE=8000000 -I"../include" -I"D:\My PC\Projects\Embedded\Valeo\Final Project\DoorHandle\Gpt" -I"D:\My PC\Projects\Embedded\Valeo\Final Project\DoorHandle\Gpio" -I"D:\My PC\Projects\Embedded\Valeo\Final Project\DoorHandle\Lib" -I"D:\My PC\Projects\Embedded\Valeo\Final Project\DoorHandle\Rcc" -I"../system/include" -I"../system/include/cmsis" -std=gnu11 -MMD -MP -MF"system/src/diag/trace-impl.d" -MT"system/src/diag/trace-impl.o" -c -o "system/src/diag/trace-impl.o" "../system/src/diag/trace-impl.c"
Finished building: ../system/src/diag/trace-impl.c
 
Building file: ../system/src/diag/trace.c
Invoking: GNU Arm Cross C Compiler
arm-none-eabi-gcc -mcpu=cortex-m4 -mthumb -mfloat-abi=soft -O0 -fmessage-length=0 -fsigned-char -ffunction-sections -fdata-sections -ffreestanding -Wall -Wextra -g -DNDEBUG -DSTM32F401xE -DHSE_VALUE=8000000 -I"../include" -I"D:\My PC\Projects\Embedded\Valeo\Final Project\DoorHandle\Gpt" -I"D:\My PC\Projects\Embedded\Valeo\Final Project\DoorHandle\Gpio" -I"D:\My PC\Projects\Embedded\Valeo\Final Project\DoorHandle\Lib" -I"D:\My PC\Projects\Embedded\Valeo\Final Project\DoorHandle\Rcc" -I"../system/include" -I"../system/include/cmsis" -std=gnu11 -MMD -MP -MF"system/src/diag/trace.d" -MT"system/src/diag/trace.o" -c -o "system/src/diag/trace.o" "../system/src/diag/trace.c"
Finished building: ../system/src/diag/trace.c
 
Building file: ../system/src/cortexm/exception-handlers.c
Invoking: GNU Arm Cross C Compiler
arm-none-eabi-gcc -mcpu=cortex-m4 -mthumb -mfloat-abi=soft -O0 -fmessage-length=0 -fsigned-char -ffunction-sections -fdata-sections -ffreestanding -Wall -Wextra -g -DNDEBUG -DSTM32F401xE -DHSE_VALUE=8000000 -I"../include" -I"D:\My PC\Projects\Embedded\Valeo\Final Project\DoorHandle\Gpt" -I"D:\My PC\Projects\Embedded\Valeo\Final Project\DoorHandle\Gpio" -I"D:\My PC\Projects\Embedded\Valeo\Final Project\DoorHandle\Lib" -I"D:\My PC\Projects\Embedded\Valeo\Final Project\DoorHandle\Rcc" -I"../system/include" -I"../system/include/cmsis" -std=gnu11 -MMD -MP -MF"system/src/cortexm/exception-handlers.d" -MT"system/src/cortexm/exception-handlers.o" -c -o "system/src/cortexm/exception-handlers.o" "../system/src/cortexm/exception-handlers.c"
Finished building: ../system/src/cortexm/exception-handlers.c
 
Building file: ../system/src/cortexm/initialize-hardware.c
Invoking: GNU Arm Cross C Compiler
arm-none-eabi-gcc -mcpu=cortex-m4 -mthumb -mfloat-abi=soft -O0 -fmessage-length=0 -fsigned-char -ffunction-sections -fdata-sections -ffreestanding -Wall -Wextra -g -DNDEBUG -DSTM32F401xE -DHSE_VALUE=8000000 -I"../include" -I"D:\My PC\Projects\Embedded\Valeo\Final Project\DoorHandle\Gpt" -I"D:\My PC\Projects\Embedded\Valeo\Final Project\DoorHandle\Gpio" -I"D:\My PC\Projects\Embedded\Valeo\Final Project\DoorHandle\Lib" -I"D:\My PC\Projects\Embedded\Valeo\Final Project\DoorHandle\Rcc" -I"../system/include" -I"../system/include/cmsis" -std=gnu11 -MMD -MP -MF"system/src/cortexm/initialize-hardware.d" -MT"system/src/cortexm/initialize-hardware.o" -c -o "system/src/cortexm/initialize-hardware.o" "../system/src/cortexm/initialize-hardware.c"
Finished building: ../system/src/cortexm/initialize-hardware.c
 
Building file: ../system/src/cortexm/reset-hardware.c
Invoking: GNU Arm Cross C Compiler
arm-none-eabi-gcc -mcpu=cortex-m4 -mthumb -mfloat-abi=soft -O0 -fmessage-length=0 -fsigned-char -ffunction-sections -fdata-sections -ffreestanding -Wall -Wextra -g -DNDEBUG -DSTM32F401xE -DHSE_VALUE=8000000 -I"../include" -I"D:\My PC\Projects\Embedded\Valeo\Final Project\DoorHandle\Gpt" -I"D:\My PC\Projects\Embedded\Valeo\Final Project\DoorHandle\Gpio" -I"D:\My PC\Projects\Embedded\Valeo\Final Project\DoorHandle\Lib" -I"D:\My PC\Projects\Embedded\Valeo\Final Project\DoorHandle\Rcc" -I"../system/include" -I"../system/include/cmsis" -std=gnu11 -MMD -MP -MF"system/src/cortexm/reset-hardware.d" -MT"system/src/cortexm/reset-hardware.o" -c -o "system/src/cortexm/reset-hardware.o" "../system/src/cortexm/reset-hardware.c"
Finished building: ../system/src/cortexm/reset-hardware.c
 
Building file: ../system/src/cmsis/system_stm32f4xx.c
Invoking: GNU Arm Cross C Compiler
arm-none-eabi-gcc -mcpu=cortex-m4 -mthumb -mfloat-abi=soft -O0 -fmessage-length=0 -fsigned-char -ffunction-sections -fdata-sections -ffreestanding -Wall -Wextra -g -DNDEBUG -DSTM32F401xE -DHSE_VALUE=8000000 -I"../include" -I"D:\My PC\Projects\Embedded\Valeo\Final Project\DoorHandle\Gpt" -I"D:\My PC\Projects\Embedded\Valeo\Final Project\DoorHandle\Gpio" -I"D:\My PC\Projects\Embedded\Valeo\Final Project\DoorHandle\Lib" -I"D:\My PC\Projects\Embedded\Valeo\Final Project\DoorHandle\Rcc" -I"../system/include" -I"../system/include/cmsis" -std=gnu11 -Wno-padded -MMD -MP -MF"system/src/cmsis/system_stm32f4xx.d" -MT"system/src/cmsis/system_stm32f4xx.o" -c -o "system/src/cmsis/system_stm32f4xx.o" "../system/src/cmsis/system_stm32f4xx.c"
Finished building: ../system/src/cmsis/system_stm32f4xx.c
 
Building file: ../system/src/cmsis/vectors_stm32f401xe.c
Invoking: GNU Arm Cross C Compiler
arm-none-eabi-gcc -mcpu=cortex-m4 -mthumb -mfloat-abi=soft -O0 -fmessage-length=0 -fsigned-char -ffunction-sections -fdata-sections -ffreestanding -Wall -Wextra -g -DNDEBUG -DSTM32F401xE -DHSE_VALUE=8000000 -I"../include" -I"D:\My PC\Projects\Embedded\Valeo\Final Project\DoorHandle\Gpt" -I"D:\My PC\Projects\Embedded\Valeo\Final Project\DoorHandle\Gpio" -I"D:\My PC\Projects\Embedded\Valeo\Final Project\DoorHandle\Lib" -I"D:\My PC\Projects\Embedded\Valeo\Final Project\DoorHandle\Rcc" -I"../system/include" -I"../system/include/cmsis" -std=gnu11 -MMD -MP -MF"system/src/cmsis/vectors_stm32f401xe.d" -MT"system/src/cmsis/vectors_stm32f401xe.o" -c -o "system/src/cmsis/vectors_stm32f401xe.o" "../system/src/cmsis/vectors_stm32f401xe.c"
Finished building: ../system/src/cmsis/vectors_stm32f401xe.c
 
Building file: ../src/helpers.c
Invoking: GNU Arm Cross C Compiler
arm-none-eabi-gcc -mcpu=cortex-m4 -mthumb -mfloat-abi=soft -O0 -fmessage-length=0 -fsigned-char -ffunction-sections -fdata-sections -ffreestanding -Wall -Wextra -g -DNDEBUG -DSTM32F401xE -DHSE_VALUE=8000000 -I"../include" -I"D:\My PC\Projects\Embedded\Valeo\Final Project\DoorHandle\Gpt" -I"D:\My PC\Projects\Embedded\Valeo\Final Project\DoorHandle\Gpio" -I"D:\My PC\Projects\Embedded\Valeo\Final Project\DoorHandle\Lib" -I"D:\My PC\Projects\Embedded\Valeo\Final Project\DoorHandle\Rcc" -I"../system/include" -I"../system/include/cmsis" -std=gnu11 -MMD -MP -MF"src/helpers.d" -MT"src/helpers.o" -c -o "src/helpers.o" "../src/helpers.c"
Finished building: ../src/helpers.c
 
Building file: ../src/main.c
Invoking: GNU Arm Cross C Compiler
arm-none-eabi-gcc -mcpu=cortex-m4 -mthumb -mfloat-abi=soft -O0 -fmessage-length=0 -fsigned-char -ffunction-sections -fdata-sections -ffreestanding -Wall -Wextra -g -DNDEBUG -DSTM32F401xE -DHSE_VALUE=8000000 -I"../include" -I"D:\My PC\Projects\Embedded\Valeo\Final Project\DoorHandle\Gpt" -I"D:\My PC\Projects\Embedded\Valeo\Final Project\DoorHandle\Gpio" -I"D:\My PC\Projects\Embedded\Valeo\Final Project\DoorHandle\Lib" -I"D:\My PC\Projects\Embedded\Valeo\Final Project\DoorHandle\Rcc" -I"../system/include" -I"../system/include/cmsis" -std=gnu11 -MMD -MP -MF"src/main.d" -MT"src/main.o" -c -o "src/main.o" "../src/main.c"
Finished building: ../src/main.c
 
Building file: ../Rcc/Rcc.c
Invoking: GNU Arm Cross C Compiler
arm-none-eabi-gcc -mcpu=cortex-m4 -mthumb -mfloat-abi=soft -O0 -fmessage-length=0 -fsigned-char -ffunction-sections -fdata-sections -ffreestanding -Wall -Wextra -g -DNDEBUG -DSTM32F401xE -DHSE_VALUE=8000000 -I"../include" -I"D:\My PC\Projects\Embedded\Valeo\Final Project\DoorHandle\Gpt" -I"D:\My PC\Projects\Embedded\Valeo\Final Project\DoorHandle\Gpio" -I"D:\My PC\Projects\Embedded\Valeo\Final Project\DoorHandle\Lib" -I"D:\My PC\Projects\Embedded\Valeo\Final Project\DoorHandle\Rcc" -I"../system/include" -I"../system/include/cmsis" -std=gnu11 -MMD -MP -MF"Rcc/Rcc.d" -MT"Rcc/Rcc.o" -c -o "Rcc/Rcc.o" "../Rcc/Rcc.c"
Finished building: ../Rcc/Rcc.c
 
Building file: ../Gpio/Gpio.c
Invoking: GNU Arm Cross C Compiler
arm-none-eabi-gcc -mcpu=cortex-m4 -mthumb -mfloat-abi=soft -O0 -fmessage-length=0 -fsigned-char -ffunction-sections -fdata-sections -ffreestanding -Wall -Wextra -g -DNDEBUG -DSTM32F401xE -DHSE_VALUE=8000000 -I"../include" -I"D:\My PC\Projects\Embedded\Valeo\Final Project\DoorHandle\Gpt" -I"D:\My PC\Projects\Embedded\Valeo\Final Project\DoorHandle\Gpio" -I"D:\My PC\Projects\Embedded\Valeo\Final Project\DoorHandle\Lib" -I"D:\My PC\Projects\Embedded\Valeo\Final Project\DoorHandle\Rcc" -I"../system/include" -I"../system/include/cmsis" -std=gnu11 -MMD -MP -MF"Gpio/Gpio.d" -MT"Gpio/Gpio.o" -c -o "Gpio/Gpio.o" "../Gpio/Gpio.c"
Finished building: ../Gpio/Gpio.c
 
Building target: DoorHandle.elf
Invoking: GNU Arm Cross C++ Linker
arm-none-eabi-g++ -mcpu=cortex-m4 -mthumb -mfloat-abi=soft -O0 -fmessage-length=0 -fsigned-char -ffunction-sections -fdata-sections -ffreestanding -Wall -Wextra -g -T mem.ld -T libs.ld -T sections.ld -nostartfiles -Xlinker --gc-sections -L"../ldscripts" -Wl,-Map,"DoorHandle.map" --specs=nano.specs -o "DoorHandle.elf" ./system/src/newlib/assert.o ./system/src/newlib/cxx.o ./system/src/newlib/exit.o ./system/src/newlib/sbrk.o ./system/src/newlib/startup.o ./system/src/newlib/syscalls.o  ./system/src/diag/trace-impl.o ./system/src/diag/trace.o  ./system/src/cortexm/exception-handlers.o ./system/src/cortexm/initialize-hardware.o ./system/src/cortexm/reset-hardware.o  ./system/src/cmsis/system_stm32f4xx.o ./system/src/cmsis/vectors_stm32f401xe.o  ./src/helpers.o ./src/main.o  ./Rcc/Rcc.o  ./Gpio/Gpio.o   
Finished building target: DoorHandle.elf
 
Invoking: GNU Arm Cross Create Flash Image
arm-none-eabi-objcopy -O ihex "DoorHandle.elf"  "DoorHandle.hex"
Finished building: DoorHandle.hex
 
Invoking: GNU Arm Cross Print Size
arm-none-eabi-size --format=berkeley "DoorHandle.elf"
   text	   data	    bss	    dec	    hex	filename
   1398	     52	    260	   1710	    6ae	DoorHandle.elf
Finished building: DoorHandle.siz
 
18:19:45 **** Build of configuration Release for project DoorHandle ****
make all 
Building file: ../system/src/newlib/assert.c
Invoking: GNU Arm Cross C Compiler
arm-none-eabi-gcc -mcpu=cortex-m4 -mthumb -mfloat-abi=soft -O0 -fmessage-length=0 -fsigned-char -ffunction-sections -fdata-sections -ffreestanding -Wall -Wextra -g -DNDEBUG -DSTM32F401xE -DHSE_VALUE=8000000 -I"../include" -I"D:\My PC\Projects\Embedded\Valeo\Final Project\DoorHandle\Gpt" -I"D:\My PC\Projects\Embedded\Valeo\Final Project\DoorHandle\Gpio" -I"D:\My PC\Projects\Embedded\Valeo\Final Project\DoorHandle\Lib" -I"D:\My PC\Projects\Embedded\Valeo\Final Project\DoorHandle\Rcc" -I"../system/include" -I"../system/include/cmsis" -std=gnu11 -MMD -MP -MF"system/src/newlib/assert.d" -MT"system/src/newlib/assert.o" -c -o "system/src/newlib/assert.o" "../system/src/newlib/assert.c"
Finished building: ../system/src/newlib/assert.c
 
Building file: ../system/src/newlib/cxx.cpp
Invoking: GNU Arm Cross C++ Compiler
arm-none-eabi-g++ -mcpu=cortex-m4 -mthumb -mfloat-abi=soft -O0 -fmessage-length=0 -fsigned-char -ffunction-sections -fdata-sections -ffreestanding -Wall -Wextra -g -DNDEBUG -DSTM32F401xE -DUSE_HAL_DRIVER -DHSE_VALUE=8000000 -I"../include" -I"../system/include" -I"../system/include/cmsis" -I"../system/include/stm32f4-hal" -std=gnu++11 -fabi-version=0 -fno-exceptions -fno-rtti -fno-use-cxa-atexit -fno-threadsafe-statics -MMD -MP -MF"system/src/newlib/cxx.d" -MT"system/src/newlib/cxx.o" -c -o "system/src/newlib/cxx.o" "../system/src/newlib/cxx.cpp"
Finished building: ../system/src/newlib/cxx.cpp
 
Building file: ../system/src/newlib/exit.c
Invoking: GNU Arm Cross C Compiler
arm-none-eabi-gcc -mcpu=cortex-m4 -mthumb -mfloat-abi=soft -O0 -fmessage-length=0 -fsigned-char -ffunction-sections -fdata-sections -ffreestanding -Wall -Wextra -g -DNDEBUG -DSTM32F401xE -DHSE_VALUE=8000000 -I"../include" -I"D:\My PC\Projects\Embedded\Valeo\Final Project\DoorHandle\Gpt" -I"D:\My PC\Projects\Embedded\Valeo\Final Project\DoorHandle\Gpio" -I"D:\My PC\Projects\Embedded\Valeo\Final Project\DoorHandle\Lib" -I"D:\My PC\Projects\Embedded\Valeo\Final Project\DoorHandle\Rcc" -I"../system/include" -I"../system/include/cmsis" -std=gnu11 -MMD -MP -MF"system/src/newlib/exit.d" -MT"system/src/newlib/exit.o" -c -o "system/src/newlib/exit.o" "../system/src/newlib/exit.c"
Finished building: ../system/src/newlib/exit.c
 
Building file: ../system/src/newlib/sbrk.c
Invoking: GNU Arm Cross C Compiler
arm-none-eabi-gcc -mcpu=cortex-m4 -mthumb -mfloat-abi=soft -O0 -fmessage-length=0 -fsigned-char -ffunction-sections -fdata-sections -ffreestanding -Wall -Wextra -g -DNDEBUG -DSTM32F401xE -DHSE_VALUE=8000000 -I"../include" -I"D:\My PC\Projects\Embedded\Valeo\Final Project\DoorHandle\Gpt" -I"D:\My PC\Projects\Embedded\Valeo\Final Project\DoorHandle\Gpio" -I"D:\My PC\Projects\Embedded\Valeo\Final Project\DoorHandle\Lib" -I"D:\My PC\Projects\Embedded\Valeo\Final Project\DoorHandle\Rcc" -I"../system/include" -I"../system/include/cmsis" -std=gnu11 -MMD -MP -MF"system/src/newlib/sbrk.d" -MT"system/src/newlib/sbrk.o" -c -o "system/src/newlib/sbrk.o" "../system/src/newlib/sbrk.c"
Finished building: ../system/src/newlib/sbrk.c
 
Building file: ../system/src/newlib/startup.c
Invoking: GNU Arm Cross C Compiler
arm-none-eabi-gcc -mcpu=cortex-m4 -mthumb -mfloat-abi=soft -O0 -fmessage-length=0 -fsigned-char -ffunction-sections -fdata-sections -ffreestanding -Wall -Wextra -g -DNDEBUG -DSTM32F401xE -DUSE_HAL_DRIVER -DHSE_VALUE=8000000 -DOS_INCLUDE_STARTUP_INIT_MULTIPLE_RAM_SECTIONS -I"../include" -I"D:\My PC\Projects\Embedded\Valeo\Final Project\DoorHandle\Gpt" -I"D:\My PC\Projects\Embedded\Valeo\Final Project\DoorHandle\Gpio" -I"D:\My PC\Projects\Embedded\Valeo\Final Project\DoorHandle\Lib" -I"D:\My PC\Projects\Embedded\Valeo\Final Project\DoorHandle\Rcc" -I"../system/include" -I"../system/include/cmsis" -std=gnu11 -MMD -MP -MF"system/src/newlib/startup.d" -MT"system/src/newlib/startup.o" -c -o "system/src/newlib/startup.o" "../system/src/newlib/startup.c"
Finished building: ../system/src/newlib/startup.c
 
Building file: ../system/src/newlib/syscalls.c
Invoking: GNU Arm Cross C Compiler
arm-none-eabi-gcc -mcpu=cortex-m4 -mthumb -mfloat-abi=soft -O0 -fmessage-length=0 -fsigned-char -ffunction-sections -fdata-sections -ffreestanding -Wall -Wextra -g -DNDEBUG -DSTM32F401xE -DHSE_VALUE=8000000 -I"../include" -I"D:\My PC\Projects\Embedded\Valeo\Final Project\DoorHandle\Gpt" -I"D:\My PC\Projects\Embedded\Valeo\Final Project\DoorHandle\Gpio" -I"D:\My PC\Projects\Embedded\Valeo\Final Project\DoorHandle\Lib" -I"D:\My PC\Projects\Embedded\Valeo\Final Project\DoorHandle\Rcc" -I"../system/include" -I"../system/include/cmsis" -std=gnu11 -MMD -MP -MF"system/src/newlib/syscalls.d" -MT"system/src/newlib/syscalls.o" -c -o "system/src/newlib/syscalls.o" "../system/src/newlib/syscalls.c"
Finished building: ../system/src/newlib/syscalls.c
 
Building file: ../system/src/diag/trace-impl.c
Invoking: GNU Arm Cross C Compiler
arm-none-eabi-gcc -mcpu=cortex-m4 -mthumb -mfloat-abi=soft -O0 -fmessage-length=0 -fsigned-char -ffunction-sections -fdata-sections -ffreestanding -Wall -Wextra -g -DNDEBUG -DSTM32F401xE -DHSE_VALUE=8000000 -I"../include" -I"D:\My PC\Projects\Embedded\Valeo\Final Project\DoorHandle\Gpt" -I"D:\My PC\Projects\Embedded\Valeo\Final Project\DoorHandle\Gpio" -I"D:\My PC\Projects\Embedded\Valeo\Final Project\DoorHandle\Lib" -I"D:\My PC\Projects\Embedded\Valeo\Final Project\DoorHandle\Rcc" -I"../system/include" -I"../system/include/cmsis" -std=gnu11 -MMD -MP -MF"system/src/diag/trace-impl.d" -MT"system/src/diag/trace-impl.o" -c -o "system/src/diag/trace-impl.o" "../system/src/diag/trace-impl.c"
Finished building: ../system/src/diag/trace-impl.c
 
Building file: ../system/src/diag/trace.c
Invoking: GNU Arm Cross C Compiler
arm-none-eabi-gcc -mcpu=cortex-m4 -mthumb -mfloat-abi=soft -O0 -fmessage-length=0 -fsigned-char -ffunction-sections -fdata-sections -ffreestanding -Wall -Wextra -g -DNDEBUG -DSTM32F401xE -DHSE_VALUE=8000000 -I"../include" -I"D:\My PC\Projects\Embedded\Valeo\Final Project\DoorHandle\Gpt" -I"D:\My PC\Projects\Embedded\Valeo\Final Project\DoorHandle\Gpio" -I"D:\My PC\Projects\Embedded\Valeo\Final Project\DoorHandle\Lib" -I"D:\My PC\Projects\Embedded\Valeo\Final Project\DoorHandle\Rcc" -I"../system/include" -I"../system/include/cmsis" -std=gnu11 -MMD -MP -MF"system/src/diag/trace.d" -MT"system/src/diag/trace.o" -c -o "system/src/diag/trace.o" "../system/src/diag/trace.c"
Finished building: ../system/src/diag/trace.c
 
Building file: ../system/src/cortexm/exception-handlers.c
Invoking: GNU Arm Cross C Compiler
arm-none-eabi-gcc -mcpu=cortex-m4 -mthumb -mfloat-abi=soft -O0 -fmessage-length=0 -fsigned-char -ffunction-sections -fdata-sections -ffreestanding -Wall -Wextra -g -DNDEBUG -DSTM32F401xE -DHSE_VALUE=8000000 -I"../include" -I"D:\My PC\Projects\Embedded\Valeo\Final Project\DoorHandle\Gpt" -I"D:\My PC\Projects\Embedded\Valeo\Final Project\DoorHandle\Gpio" -I"D:\My PC\Projects\Embedded\Valeo\Final Project\DoorHandle\Lib" -I"D:\My PC\Projects\Embedded\Valeo\Final Project\DoorHandle\Rcc" -I"../system/include" -I"../system/include/cmsis" -std=gnu11 -MMD -MP -MF"system/src/cortexm/exception-handlers.d" -MT"system/src/cortexm/exception-handlers.o" -c -o "system/src/cortexm/exception-handlers.o" "../system/src/cortexm/exception-handlers.c"
Finished building: ../system/src/cortexm/exception-handlers.c
 
Building file: ../system/src/cortexm/initialize-hardware.c
Invoking: GNU Arm Cross C Compiler
arm-none-eabi-gcc -mcpu=cortex-m4 -mthumb -mfloat-abi=soft -O0 -fmessage-length=0 -fsigned-char -ffunction-sections -fdata-sections -ffreestanding -Wall -Wextra -g -DNDEBUG -DSTM32F401xE -DHSE_VALUE=8000000 -I"../include" -I"D:\My PC\Projects\Embedded\Valeo\Final Project\DoorHandle\Gpt" -I"D:\My PC\Projects\Embedded\Valeo\Final Project\DoorHandle\Gpio" -I"D:\My PC\Projects\Embedded\Valeo\Final Project\DoorHandle\Lib" -I"D:\My PC\Projects\Embedded\Valeo\Final Project\DoorHandle\Rcc" -I"../system/include" -I"../system/include/cmsis" -std=gnu11 -MMD -MP -MF"system/src/cortexm/initialize-hardware.d" -MT"system/src/cortexm/initialize-hardware.o" -c -o "system/src/cortexm/initialize-hardware.o" "../system/src/cortexm/initialize-hardware.c"
Finished building: ../system/src/cortexm/initialize-hardware.c
 
Building file: ../system/src/cortexm/reset-hardware.c
Invoking: GNU Arm Cross C Compiler
arm-none-eabi-gcc -mcpu=cortex-m4 -mthumb -mfloat-abi=soft -O0 -fmessage-length=0 -fsigned-char -ffunction-sections -fdata-sections -ffreestanding -Wall -Wextra -g -DNDEBUG -DSTM32F401xE -DHSE_VALUE=8000000 -I"../include" -I"D:\My PC\Projects\Embedded\Valeo\Final Project\DoorHandle\Gpt" -I"D:\My PC\Projects\Embedded\Valeo\Final Project\DoorHandle\Gpio" -I"D:\My PC\Projects\Embedded\Valeo\Final Project\DoorHandle\Lib" -I"D:\My PC\Projects\Embedded\Valeo\Final Project\DoorHandle\Rcc" -I"../system/include" -I"../system/include/cmsis" -std=gnu11 -MMD -MP -MF"system/src/cortexm/reset-hardware.d" -MT"system/src/cortexm/reset-hardware.o" -c -o "system/src/cortexm/reset-hardware.o" "../system/src/cortexm/reset-hardware.c"
Finished building: ../system/src/cortexm/reset-hardware.c
 
Building file: ../system/src/cmsis/system_stm32f4xx.c
Invoking: GNU Arm Cross C Compiler
arm-none-eabi-gcc -mcpu=cortex-m4 -mthumb -mfloat-abi=soft -O0 -fmessage-length=0 -fsigned-char -ffunction-sections -fdata-sections -ffreestanding -Wall -Wextra -g -DNDEBUG -DSTM32F401xE -DHSE_VALUE=8000000 -I"../include" -I"D:\My PC\Projects\Embedded\Valeo\Final Project\DoorHandle\Gpt" -I"D:\My PC\Projects\Embedded\Valeo\Final Project\DoorHandle\Gpio" -I"D:\My PC\Projects\Embedded\Valeo\Final Project\DoorHandle\Lib" -I"D:\My PC\Projects\Embedded\Valeo\Final Project\DoorHandle\Rcc" -I"../system/include" -I"../system/include/cmsis" -std=gnu11 -Wno-padded -MMD -MP -MF"system/src/cmsis/system_stm32f4xx.d" -MT"system/src/cmsis/system_stm32f4xx.o" -c -o "system/src/cmsis/system_stm32f4xx.o" "../system/src/cmsis/system_stm32f4xx.c"
Finished building: ../system/src/cmsis/system_stm32f4xx.c
 
Building file: ../system/src/cmsis/vectors_stm32f401xe.c
Invoking: GNU Arm Cross C Compiler
arm-none-eabi-gcc -mcpu=cortex-m4 -mthumb -mfloat-abi=soft -O0 -fmessage-length=0 -fsigned-char -ffunction-sections -fdata-sections -ffreestanding -Wall -Wextra -g -DNDEBUG -DSTM32F401xE -DHSE_VALUE=8000000 -I"../include" -I"D:\My PC\Projects\Embedded\Valeo\Final Project\DoorHandle\Gpt" -I"D:\My PC\Projects\Embedded\Valeo\Final Project\DoorHandle\Gpio" -I"D:\My PC\Projects\Embedded\Valeo\Final Project\DoorHandle\Lib" -I"D:\My PC\Projects\Embedded\Valeo\Final Project\DoorHandle\Rcc" -I"../system/include" -I"../system/include/cmsis" -std=gnu11 -MMD -MP -MF"system/src/cmsis/vectors_stm32f401xe.d" -MT"system/src/cmsis/vectors_stm32f401xe.o" -c -o "system/src/cmsis/vectors_stm32f401xe.o" "../system/src/cmsis/vectors_stm32f401xe.c"
Finished building: ../system/src/cmsis/vectors_stm32f401xe.c
 
Building file: ../src/helpers.c
Invoking: GNU Arm Cross C Compiler
arm-none-eabi-gcc -mcpu=cortex-m4 -mthumb -mfloat-abi=soft -O0 -fmessage-length=0 -fsigned-char -ffunction-sections -fdata-sections -ffreestanding -Wall -Wextra -g -DNDEBUG -DSTM32F401xE -DHSE_VALUE=8000000 -I"../include" -I"D:\My PC\Projects\Embedded\Valeo\Final Project\DoorHandle\Gpt" -I"D:\My PC\Projects\Embedded\Valeo\Final Project\DoorHandle\Gpio" -I"D:\My PC\Projects\Embedded\Valeo\Final Project\DoorHandle\Lib" -I"D:\My PC\Projects\Embedded\Valeo\Final Project\DoorHandle\Rcc" -I"../system/include" -I"../system/include/cmsis" -std=gnu11 -MMD -MP -MF"src/helpers.d" -MT"src/helpers.o" -c -o "src/helpers.o" "../src/helpers.c"
../src/helpers.c: In function 'closeDoor':
../src/helpers.c:90:28: warning: left-hand operand of comma expression has no effect [-Wunused-value]
   90 |     (AMBIENT_LIGHT_LED_PORT, AMBIENT_LIGHT_LED_PIN, LOW);
      |                            ^
../src/helpers.c:90:51: warning: left-hand operand of comma expression has no effect [-Wunused-value]
   90 |     (AMBIENT_LIGHT_LED_PORT, AMBIENT_LIGHT_LED_PIN, LOW);
      |                                                   ^
../src/helpers.c:90:51: warning: statement with no effect [-Wunused-value]
   90 |     (AMBIENT_LIGHT_LED_PORT, AMBIENT_LIGHT_LED_PIN, LOW);
      |     ~~~~~~~~~~~~~~~~~~~~~~~~~~~~~~~~~~~~~~~~~~~~~~^~~~~~
Finished building: ../src/helpers.c
 
Building file: ../src/main.c
Invoking: GNU Arm Cross C Compiler
arm-none-eabi-gcc -mcpu=cortex-m4 -mthumb -mfloat-abi=soft -O0 -fmessage-length=0 -fsigned-char -ffunction-sections -fdata-sections -ffreestanding -Wall -Wextra -g -DNDEBUG -DSTM32F401xE -DHSE_VALUE=8000000 -I"../include" -I"D:\My PC\Projects\Embedded\Valeo\Final Project\DoorHandle\Gpt" -I"D:\My PC\Projects\Embedded\Valeo\Final Project\DoorHandle\Gpio" -I"D:\My PC\Projects\Embedded\Valeo\Final Project\DoorHandle\Lib" -I"D:\My PC\Projects\Embedded\Valeo\Final Project\DoorHandle\Rcc" -I"../system/include" -I"../system/include/cmsis" -std=gnu11 -MMD -MP -MF"src/main.d" -MT"src/main.o" -c -o "src/main.o" "../src/main.c"
../src/main.c:66:1: warning: return type defaults to 'int' [-Wimplicit-int]
   66 | EXTI0_IRQHandler(void)
      | ^~~~~~~~~~~~~~~~
../src/main.c:87:1: warning: return type defaults to 'int' [-Wimplicit-int]
   87 | EXTI3_IRQHandler(void)
      | ^~~~~~~~~~~~~~~~
../src/main.c: In function 'EXTI3_IRQHandler':
../src/main.c:92:12: warning: passing argument 1 of 'openDoor' from incompatible pointer type [-Wincompatible-pointer-types]
   92 |   openDoor(doorLockingState);
      |            ^~~~~~~~~~~~~~~~
      |            |
      |            enum doorLockingState *
In file included from ../src/main.c:8:
../src/helpers.h:29:34: note: expected 'enum vehicleState *' but argument is of type 'enum doorLockingState *'
   29 | void openDoor(enum vehicleState *vehicleState);
      |               ~~~~~~~~~~~~~~~~~~~^~~~~~~~~~~~
../src/main.c:98:13: warning: passing argument 1 of 'closeDoor' from incompatible pointer type [-Wincompatible-pointer-types]
   98 |   closeDoor(doorLockingState);
      |             ^~~~~~~~~~~~~~~~
      |             |
      |             enum doorLockingState *
In file included from ../src/main.c:8:
../src/helpers.h:30:35: note: expected 'enum vehicleState *' but argument is of type 'enum doorLockingState *'
   30 | void closeDoor(enum vehicleState *vehicleState);
      |                ~~~~~~~~~~~~~~~~~~~^~~~~~~~~~~~
../src/main.c: In function 'EXTI0_IRQHandler':
../src/main.c:85:1: warning: control reaches end of non-void function [-Wreturn-type]
   85 | }
      | ^
../src/main.c: In function 'EXTI3_IRQHandler':
../src/main.c:105:1: warning: control reaches end of non-void function [-Wreturn-type]
  105 | }
      | ^
Finished building: ../src/main.c
 
Building file: ../Rcc/Rcc.c
Invoking: GNU Arm Cross C Compiler
arm-none-eabi-gcc -mcpu=cortex-m4 -mthumb -mfloat-abi=soft -O0 -fmessage-length=0 -fsigned-char -ffunction-sections -fdata-sections -ffreestanding -Wall -Wextra -g -DNDEBUG -DSTM32F401xE -DHSE_VALUE=8000000 -I"../include" -I"D:\My PC\Projects\Embedded\Valeo\Final Project\DoorHandle\Gpt" -I"D:\My PC\Projects\Embedded\Valeo\Final Project\DoorHandle\Gpio" -I"D:\My PC\Projects\Embedded\Valeo\Final Project\DoorHandle\Lib" -I"D:\My PC\Projects\Embedded\Valeo\Final Project\DoorHandle\Rcc" -I"../system/include" -I"../system/include/cmsis" -std=gnu11 -MMD -MP -MF"Rcc/Rcc.d" -MT"Rcc/Rcc.o" -c -o "Rcc/Rcc.o" "../Rcc/Rcc.c"
Finished building: ../Rcc/Rcc.c
 
Building file: ../Gpt/Gpt.c
Invoking: GNU Arm Cross C Compiler
arm-none-eabi-gcc -mcpu=cortex-m4 -mthumb -mfloat-abi=soft -O0 -fmessage-length=0 -fsigned-char -ffunction-sections -fdata-sections -ffreestanding -Wall -Wextra -g -DNDEBUG -DSTM32F401xE -DHSE_VALUE=8000000 -I"../include" -I"D:\My PC\Projects\Embedded\Valeo\Final Project\DoorHandle\Gpt" -I"D:\My PC\Projects\Embedded\Valeo\Final Project\DoorHandle\Gpio" -I"D:\My PC\Projects\Embedded\Valeo\Final Project\DoorHandle\Lib" -I"D:\My PC\Projects\Embedded\Valeo\Final Project\DoorHandle\Rcc" -I"../system/include" -I"../system/include/cmsis" -std=gnu11 -MMD -MP -MF"Gpt/Gpt.d" -MT"Gpt/Gpt.o" -c -o "Gpt/Gpt.o" "../Gpt/Gpt.c"
Finished building: ../Gpt/Gpt.c
 
Building file: ../Gpio/Gpio.c
Invoking: GNU Arm Cross C Compiler
arm-none-eabi-gcc -mcpu=cortex-m4 -mthumb -mfloat-abi=soft -O0 -fmessage-length=0 -fsigned-char -ffunction-sections -fdata-sections -ffreestanding -Wall -Wextra -g -DNDEBUG -DSTM32F401xE -DHSE_VALUE=8000000 -I"../include" -I"D:\My PC\Projects\Embedded\Valeo\Final Project\DoorHandle\Gpt" -I"D:\My PC\Projects\Embedded\Valeo\Final Project\DoorHandle\Gpio" -I"D:\My PC\Projects\Embedded\Valeo\Final Project\DoorHandle\Lib" -I"D:\My PC\Projects\Embedded\Valeo\Final Project\DoorHandle\Rcc" -I"../system/include" -I"../system/include/cmsis" -std=gnu11 -MMD -MP -MF"Gpio/Gpio.d" -MT"Gpio/Gpio.o" -c -o "Gpio/Gpio.o" "../Gpio/Gpio.c"
Finished building: ../Gpio/Gpio.c
 
Building target: DoorHandle.elf
Invoking: GNU Arm Cross C++ Linker
arm-none-eabi-g++ -mcpu=cortex-m4 -mthumb -mfloat-abi=soft -O0 -fmessage-length=0 -fsigned-char -ffunction-sections -fdata-sections -ffreestanding -Wall -Wextra -g -T mem.ld -T libs.ld -T sections.ld -nostartfiles -Xlinker --gc-sections -L"../ldscripts" -Wl,-Map,"DoorHandle.map" --specs=nano.specs -o "DoorHandle.elf" ./system/src/newlib/assert.o ./system/src/newlib/cxx.o ./system/src/newlib/exit.o ./system/src/newlib/sbrk.o ./system/src/newlib/startup.o ./system/src/newlib/syscalls.o  ./system/src/diag/trace-impl.o ./system/src/diag/trace.o  ./system/src/cortexm/exception-handlers.o ./system/src/cortexm/initialize-hardware.o ./system/src/cortexm/reset-hardware.o  ./system/src/cmsis/system_stm32f4xx.o ./system/src/cmsis/vectors_stm32f401xe.o  ./src/helpers.o ./src/main.o  ./Rcc/Rcc.o  ./Gpt/Gpt.o  ./Gpio/Gpio.o   
Finished building target: DoorHandle.elf
 
Invoking: GNU Arm Cross Create Flash Image
arm-none-eabi-objcopy -O ihex "DoorHandle.elf"  "DoorHandle.hex"
Finished building: DoorHandle.hex
 
Invoking: GNU Arm Cross Print Size
arm-none-eabi-size --format=berkeley "DoorHandle.elf"
   text	   data	    bss	    dec	    hex	filename
   3426	     52	    268	   3746	    ea2	DoorHandle.elf
Finished building: DoorHandle.siz
 
18:20:27 **** Incremental Build of configuration Release for project DoorHandle ****
make all 
Building file: ../src/helpers.c
Invoking: GNU Arm Cross C Compiler
arm-none-eabi-gcc -mcpu=cortex-m4 -mthumb -mfloat-abi=soft -O0 -fmessage-length=0 -fsigned-char -ffunction-sections -fdata-sections -ffreestanding -Wall -Wextra -g -DNDEBUG -DSTM32F401xE -DHSE_VALUE=8000000 -I"../include" -I"D:\My PC\Projects\Embedded\Valeo\Final Project\DoorHandle\Gpt" -I"D:\My PC\Projects\Embedded\Valeo\Final Project\DoorHandle\Gpio" -I"D:\My PC\Projects\Embedded\Valeo\Final Project\DoorHandle\Lib" -I"D:\My PC\Projects\Embedded\Valeo\Final Project\DoorHandle\Rcc" -I"../system/include" -I"../system/include/cmsis" -std=gnu11 -MMD -MP -MF"src/helpers.d" -MT"src/helpers.o" -c -o "src/helpers.o" "../src/helpers.c"
Finished building: ../src/helpers.c
 
Building file: ../src/main.c
Invoking: GNU Arm Cross C Compiler
arm-none-eabi-gcc -mcpu=cortex-m4 -mthumb -mfloat-abi=soft -O0 -fmessage-length=0 -fsigned-char -ffunction-sections -fdata-sections -ffreestanding -Wall -Wextra -g -DNDEBUG -DSTM32F401xE -DHSE_VALUE=8000000 -I"../include" -I"D:\My PC\Projects\Embedded\Valeo\Final Project\DoorHandle\Gpt" -I"D:\My PC\Projects\Embedded\Valeo\Final Project\DoorHandle\Gpio" -I"D:\My PC\Projects\Embedded\Valeo\Final Project\DoorHandle\Lib" -I"D:\My PC\Projects\Embedded\Valeo\Final Project\DoorHandle\Rcc" -I"../system/include" -I"../system/include/cmsis" -std=gnu11 -MMD -MP -MF"src/main.d" -MT"src/main.o" -c -o "src/main.o" "../src/main.c"
Finished building: ../src/main.c
 
Building target: DoorHandle.elf
Invoking: GNU Arm Cross C++ Linker
arm-none-eabi-g++ -mcpu=cortex-m4 -mthumb -mfloat-abi=soft -O0 -fmessage-length=0 -fsigned-char -ffunction-sections -fdata-sections -ffreestanding -Wall -Wextra -g -T mem.ld -T libs.ld -T sections.ld -nostartfiles -Xlinker --gc-sections -L"../ldscripts" -Wl,-Map,"DoorHandle.map" --specs=nano.specs -o "DoorHandle.elf" ./system/src/newlib/assert.o ./system/src/newlib/cxx.o ./system/src/newlib/exit.o ./system/src/newlib/sbrk.o ./system/src/newlib/startup.o ./system/src/newlib/syscalls.o  ./system/src/diag/trace-impl.o ./system/src/diag/trace.o  ./system/src/cortexm/exception-handlers.o ./system/src/cortexm/initialize-hardware.o ./system/src/cortexm/reset-hardware.o  ./system/src/cmsis/system_stm32f4xx.o ./system/src/cmsis/vectors_stm32f401xe.o  ./src/helpers.o ./src/main.o  ./Rcc/Rcc.o  ./Gpt/Gpt.o  ./Gpio/Gpio.o   
Finished building target: DoorHandle.elf
 
Invoking: GNU Arm Cross Create Flash Image
arm-none-eabi-objcopy -O ihex "DoorHandle.elf"  "DoorHandle.hex"
Finished building: DoorHandle.hex
 
Invoking: GNU Arm Cross Print Size
arm-none-eabi-size --format=berkeley "DoorHandle.elf"
   text	   data	    bss	    dec	    hex	filename
   2858	     52	    268	   3178	    c6a	DoorHandle.elf
Finished building: DoorHandle.siz
 
18:27:41 **** Incremental Build of configuration Release for project DoorHandle ****
make all 
Building file: ../src/helpers.c
Invoking: GNU Arm Cross C Compiler
arm-none-eabi-gcc -mcpu=cortex-m4 -mthumb -mfloat-abi=soft -O0 -fmessage-length=0 -fsigned-char -ffunction-sections -fdata-sections -ffreestanding -Wall -Wextra -g -DNDEBUG -DSTM32F401xE -DHSE_VALUE=8000000 -I"../include" -I"D:\My PC\Projects\Embedded\Valeo\Final Project\DoorHandle\Gpt" -I"D:\My PC\Projects\Embedded\Valeo\Final Project\DoorHandle\Gpio" -I"D:\My PC\Projects\Embedded\Valeo\Final Project\DoorHandle\Lib" -I"D:\My PC\Projects\Embedded\Valeo\Final Project\DoorHandle\Rcc" -I"../system/include" -I"../system/include/cmsis" -std=gnu11 -MMD -MP -MF"src/helpers.d" -MT"src/helpers.o" -c -o "src/helpers.o" "../src/helpers.c"
Finished building: ../src/helpers.c
 
Building target: DoorHandle.elf
Invoking: GNU Arm Cross C++ Linker
arm-none-eabi-g++ -mcpu=cortex-m4 -mthumb -mfloat-abi=soft -O0 -fmessage-length=0 -fsigned-char -ffunction-sections -fdata-sections -ffreestanding -Wall -Wextra -g -T mem.ld -T libs.ld -T sections.ld -nostartfiles -Xlinker --gc-sections -L"../ldscripts" -Wl,-Map,"DoorHandle.map" --specs=nano.specs -o "DoorHandle.elf" ./system/src/newlib/assert.o ./system/src/newlib/cxx.o ./system/src/newlib/exit.o ./system/src/newlib/sbrk.o ./system/src/newlib/startup.o ./system/src/newlib/syscalls.o  ./system/src/diag/trace-impl.o ./system/src/diag/trace.o  ./system/src/cortexm/exception-handlers.o ./system/src/cortexm/initialize-hardware.o ./system/src/cortexm/reset-hardware.o  ./system/src/cmsis/system_stm32f4xx.o ./system/src/cmsis/vectors_stm32f401xe.o  ./src/helpers.o ./src/main.o  ./Rcc/Rcc.o  ./Gpt/Gpt.o  ./Gpio/Gpio.o   
Finished building target: DoorHandle.elf
 
Invoking: GNU Arm Cross Create Flash Image
arm-none-eabi-objcopy -O ihex "DoorHandle.elf"  "DoorHandle.hex"
Finished building: DoorHandle.hex
 
Invoking: GNU Arm Cross Print Size
arm-none-eabi-size --format=berkeley "DoorHandle.elf"
   text	   data	    bss	    dec	    hex	filename
   2858	     52	    268	   3178	    c6a	DoorHandle.elf
Finished building: DoorHandle.siz
 
19:03:36 **** Incremental Build of configuration Release for project DoorHandle ****
make all 
Building file: ../src/helpers.c
Invoking: GNU Arm Cross C Compiler
arm-none-eabi-gcc -mcpu=cortex-m4 -mthumb -mfloat-abi=soft -O0 -fmessage-length=0 -fsigned-char -ffunction-sections -fdata-sections -ffreestanding -Wall -Wextra -g -DNDEBUG -DSTM32F401xE -DHSE_VALUE=8000000 -I"../include" -I"D:\My PC\Projects\Embedded\Valeo\Final Project\DoorHandle\Gpt" -I"D:\My PC\Projects\Embedded\Valeo\Final Project\DoorHandle\Gpio" -I"D:\My PC\Projects\Embedded\Valeo\Final Project\DoorHandle\Lib" -I"D:\My PC\Projects\Embedded\Valeo\Final Project\DoorHandle\Rcc" -I"../system/include" -I"../system/include/cmsis" -std=gnu11 -MMD -MP -MF"src/helpers.d" -MT"src/helpers.o" -c -o "src/helpers.o" "../src/helpers.c"
Finished building: ../src/helpers.c
 
Building file: ../src/main.c
Invoking: GNU Arm Cross C Compiler
arm-none-eabi-gcc -mcpu=cortex-m4 -mthumb -mfloat-abi=soft -O0 -fmessage-length=0 -fsigned-char -ffunction-sections -fdata-sections -ffreestanding -Wall -Wextra -g -DNDEBUG -DSTM32F401xE -DHSE_VALUE=8000000 -I"../include" -I"D:\My PC\Projects\Embedded\Valeo\Final Project\DoorHandle\Gpt" -I"D:\My PC\Projects\Embedded\Valeo\Final Project\DoorHandle\Gpio" -I"D:\My PC\Projects\Embedded\Valeo\Final Project\DoorHandle\Lib" -I"D:\My PC\Projects\Embedded\Valeo\Final Project\DoorHandle\Rcc" -I"../system/include" -I"../system/include/cmsis" -std=gnu11 -MMD -MP -MF"src/main.d" -MT"src/main.o" -c -o "src/main.o" "../src/main.c"
../src/main.c: In function 'main':
../src/main.c:39:59: error: 'GPIO_PULLUP' undeclared (first use in this function); did you mean 'GPIO_PULL_UP'?
   39 |  Gpio_ConfigPin(GPIO_PORT_A, LOCK_UNLOCK_BTN, GPIO_INPUT, GPIO_PULLUP);
      |                                                           ^~~~~~~~~~~
      |                                                           GPIO_PULL_UP
../src/main.c:39:59: note: each undeclared identifier is reported only once for each function it appears in
../src/main.c:54:3: error: 'Gpio' undeclared (first use in this function)
   54 |   Gpio
      |   ^~~~
../src/main.c:54:7: error: expected ';' before 'if'
   54 |   Gpio
      |       ^
      |       ;
......
   57 |   if(Gpio)
      |   ~~   
make: *** [src/subdir.mk:23: src/main.o] Error 1
"make all" terminated with exit code 2. Build might be incomplete.
19:03:42 **** Incremental Build of configuration Release for project DoorHandle ****
make all 
Building file: ../src/main.c
Invoking: GNU Arm Cross C Compiler
arm-none-eabi-gcc -mcpu=cortex-m4 -mthumb -mfloat-abi=soft -O0 -fmessage-length=0 -fsigned-char -ffunction-sections -fdata-sections -ffreestanding -Wall -Wextra -g -DNDEBUG -DSTM32F401xE -DHSE_VALUE=8000000 -I"../include" -I"D:\My PC\Projects\Embedded\Valeo\Final Project\DoorHandle\Gpt" -I"D:\My PC\Projects\Embedded\Valeo\Final Project\DoorHandle\Gpio" -I"D:\My PC\Projects\Embedded\Valeo\Final Project\DoorHandle\Lib" -I"D:\My PC\Projects\Embedded\Valeo\Final Project\DoorHandle\Rcc" -I"../system/include" -I"../system/include/cmsis" -std=gnu11 -MMD -MP -MF"src/main.d" -MT"src/main.o" -c -o "src/main.o" "../src/main.c"
../src/main.c: In function 'main':
../src/main.c:39:59: error: 'GPIO_PULLUP' undeclared (first use in this function); did you mean 'GPIO_PULL_UP'?
   39 |  Gpio_ConfigPin(GPIO_PORT_A, LOCK_UNLOCK_BTN, GPIO_INPUT, GPIO_PULLUP);
      |                                                           ^~~~~~~~~~~
      |                                                           GPIO_PULL_UP
../src/main.c:39:59: note: each undeclared identifier is reported only once for each function it appears in
../src/main.c:57:6: error: 'Gpio' undeclared (first use in this function)
   57 |   if(Gpio)
      |      ^~~~
../src/main.c:60:2: error: expected expression before '}' token
   60 |  }
      |  ^
make: *** [src/subdir.mk:23: src/main.o] Error 1
"make all" terminated with exit code 2. Build might be incomplete.
19:03:52 **** Incremental Build of configuration Release for project DoorHandle ****
make all 
Building file: ../src/main.c
Invoking: GNU Arm Cross C Compiler
arm-none-eabi-gcc -mcpu=cortex-m4 -mthumb -mfloat-abi=soft -O0 -fmessage-length=0 -fsigned-char -ffunction-sections -fdata-sections -ffreestanding -Wall -Wextra -g -DNDEBUG -DSTM32F401xE -DHSE_VALUE=8000000 -I"../include" -I"D:\My PC\Projects\Embedded\Valeo\Final Project\DoorHandle\Gpt" -I"D:\My PC\Projects\Embedded\Valeo\Final Project\DoorHandle\Gpio" -I"D:\My PC\Projects\Embedded\Valeo\Final Project\DoorHandle\Lib" -I"D:\My PC\Projects\Embedded\Valeo\Final Project\DoorHandle\Rcc" -I"../system/include" -I"../system/include/cmsis" -std=gnu11 -MMD -MP -MF"src/main.d" -MT"src/main.o" -c -o "src/main.o" "../src/main.c"
../src/main.c: In function 'main':
../src/main.c:39:59: error: 'GPIO_PULLUP' undeclared (first use in this function); did you mean 'GPIO_PULL_UP'?
   39 |  Gpio_ConfigPin(GPIO_PORT_A, LOCK_UNLOCK_BTN, GPIO_INPUT, GPIO_PULLUP);
      |                                                           ^~~~~~~~~~~
      |                                                           GPIO_PULL_UP
../src/main.c:39:59: note: each undeclared identifier is reported only once for each function it appears in
make: *** [src/subdir.mk:23: src/main.o] Error 1
"make all" terminated with exit code 2. Build might be incomplete.
19:04:29 **** Incremental Build of configuration Release for project DoorHandle ****
make all 
Building file: ../src/main.c
Invoking: GNU Arm Cross C Compiler
arm-none-eabi-gcc -mcpu=cortex-m4 -mthumb -mfloat-abi=soft -O0 -fmessage-length=0 -fsigned-char -ffunction-sections -fdata-sections -ffreestanding -Wall -Wextra -g -DNDEBUG -DSTM32F401xE -DHSE_VALUE=8000000 -I"../include" -I"D:\My PC\Projects\Embedded\Valeo\Final Project\DoorHandle\Gpt" -I"D:\My PC\Projects\Embedded\Valeo\Final Project\DoorHandle\Gpio" -I"D:\My PC\Projects\Embedded\Valeo\Final Project\DoorHandle\Lib" -I"D:\My PC\Projects\Embedded\Valeo\Final Project\DoorHandle\Rcc" -I"../system/include" -I"../system/include/cmsis" -std=gnu11 -MMD -MP -MF"src/main.d" -MT"src/main.o" -c -o "src/main.o" "../src/main.c"
../src/main.c: In function 'main':
../src/main.c:39:59: error: 'GPIO_PULLUP' undeclared (first use in this function); did you mean 'GPIO_PULL_UP'?
   39 |  Gpio_ConfigPin(GPIO_PORT_A, LOCK_UNLOCK_BTN, GPIO_INPUT, GPIO_PULLUP);
      |                                                           ^~~~~~~~~~~
      |                                                           GPIO_PULL_UP
../src/main.c:39:59: note: each undeclared identifier is reported only once for each function it appears in
make: *** [src/subdir.mk:23: src/main.o] Error 1
"make all" terminated with exit code 2. Build might be incomplete.
19:05:09 **** Incremental Build of configuration Release for project DoorHandle ****
make all 
Building file: ../src/main.c
Invoking: GNU Arm Cross C Compiler
arm-none-eabi-gcc -mcpu=cortex-m4 -mthumb -mfloat-abi=soft -O0 -fmessage-length=0 -fsigned-char -ffunction-sections -fdata-sections -ffreestanding -Wall -Wextra -g -DNDEBUG -DSTM32F401xE -DHSE_VALUE=8000000 -I"../include" -I"D:\My PC\Projects\Embedded\Valeo\Final Project\DoorHandle\Gpt" -I"D:\My PC\Projects\Embedded\Valeo\Final Project\DoorHandle\Gpio" -I"D:\My PC\Projects\Embedded\Valeo\Final Project\DoorHandle\Lib" -I"D:\My PC\Projects\Embedded\Valeo\Final Project\DoorHandle\Rcc" -I"../system/include" -I"../system/include/cmsis" -std=gnu11 -MMD -MP -MF"src/main.d" -MT"src/main.o" -c -o "src/main.o" "../src/main.c"
Finished building: ../src/main.c
 
Building file: ../Gpio/Gpio.c
Invoking: GNU Arm Cross C Compiler
arm-none-eabi-gcc -mcpu=cortex-m4 -mthumb -mfloat-abi=soft -O0 -fmessage-length=0 -fsigned-char -ffunction-sections -fdata-sections -ffreestanding -Wall -Wextra -g -DNDEBUG -DSTM32F401xE -DHSE_VALUE=8000000 -I"../include" -I"D:\My PC\Projects\Embedded\Valeo\Final Project\DoorHandle\Gpt" -I"D:\My PC\Projects\Embedded\Valeo\Final Project\DoorHandle\Gpio" -I"D:\My PC\Projects\Embedded\Valeo\Final Project\DoorHandle\Lib" -I"D:\My PC\Projects\Embedded\Valeo\Final Project\DoorHandle\Rcc" -I"../system/include" -I"../system/include/cmsis" -std=gnu11 -MMD -MP -MF"Gpio/Gpio.d" -MT"Gpio/Gpio.o" -c -o "Gpio/Gpio.o" "../Gpio/Gpio.c"
../Gpio/Gpio.c: In function 'Gpio_ConfigPin':
../Gpio/Gpio.c:20:24: warning: initialization of 'GpioType *' from 'uint32' {aka 'long unsigned int'} makes pointer from integer without a cast [-Wint-conversion]
   20 |  GpioType * gpioReg =  GPIO_Addresses[PortId];
      |                        ^~~~~~~~~~~~~~
../Gpio/Gpio.c: In function 'Gpio_WritePin':
../Gpio/Gpio.c:37:24: warning: initialization of 'GpioType *' from 'uint32' {aka 'long unsigned int'} makes pointer from integer without a cast [-Wint-conversion]
   37 |  GpioType * gpioReg =  GPIO_Addresses[PortId];
      |                        ^~~~~~~~~~~~~~
../Gpio/Gpio.c: In function 'Gpio_ReadPin':
../Gpio/Gpio.c:45:24: warning: initialization of 'GpioType *' from 'uint32' {aka 'long unsigned int'} makes pointer from integer without a cast [-Wint-conversion]
   45 |  GpioType * gpioReg =  GPIO_Addresses[PortId];
      |                        ^~~~~~~~~~~~~~
Finished building: ../Gpio/Gpio.c
 
Building target: DoorHandle.elf
Invoking: GNU Arm Cross C++ Linker
arm-none-eabi-g++ -mcpu=cortex-m4 -mthumb -mfloat-abi=soft -O0 -fmessage-length=0 -fsigned-char -ffunction-sections -fdata-sections -ffreestanding -Wall -Wextra -g -T mem.ld -T libs.ld -T sections.ld -nostartfiles -Xlinker --gc-sections -L"../ldscripts" -Wl,-Map,"DoorHandle.map" --specs=nano.specs -o "DoorHandle.elf" ./system/src/newlib/assert.o ./system/src/newlib/cxx.o ./system/src/newlib/exit.o ./system/src/newlib/sbrk.o ./system/src/newlib/startup.o ./system/src/newlib/syscalls.o  ./system/src/diag/trace-impl.o ./system/src/diag/trace.o  ./system/src/cortexm/exception-handlers.o ./system/src/cortexm/initialize-hardware.o ./system/src/cortexm/reset-hardware.o  ./system/src/cmsis/system_stm32f4xx.o ./system/src/cmsis/vectors_stm32f401xe.o  ./src/helpers.o ./src/main.o  ./Rcc/Rcc.o  ./Gpt/Gpt.o  ./Gpio/Gpio.o   
Finished building target: DoorHandle.elf
 
Invoking: GNU Arm Cross Create Flash Image
arm-none-eabi-objcopy -O ihex "DoorHandle.elf"  "DoorHandle.hex"
Finished building: DoorHandle.hex
 
Invoking: GNU Arm Cross Print Size
arm-none-eabi-size --format=berkeley "DoorHandle.elf"
   text	   data	    bss	    dec	    hex	filename
   1998	     72	    268	   2338	    922	DoorHandle.elf
Finished building: DoorHandle.siz
 
19:05:57 **** Incremental Build of configuration Release for project DoorHandle ****
make all 
Invoking: GNU Arm Cross Print Size
arm-none-eabi-size --format=berkeley "DoorHandle.elf"
   text	   data	    bss	    dec	    hex	filename
   1998	     72	    268	   2338	    922	DoorHandle.elf
Finished building: DoorHandle.siz
 
19:07:22 **** Incremental Build of configuration Release for project DoorHandle ****
make all 
Building file: ../src/main.c
Invoking: GNU Arm Cross C Compiler
arm-none-eabi-gcc -mcpu=cortex-m4 -mthumb -mfloat-abi=soft -O0 -fmessage-length=0 -fsigned-char -ffunction-sections -fdata-sections -ffreestanding -Wall -Wextra -g -DNDEBUG -DSTM32F401xE -DHSE_VALUE=8000000 -I"../include" -I"D:\My PC\Projects\Embedded\Valeo\Final Project\DoorHandle\Gpt" -I"D:\My PC\Projects\Embedded\Valeo\Final Project\DoorHandle\Gpio" -I"D:\My PC\Projects\Embedded\Valeo\Final Project\DoorHandle\Lib" -I"D:\My PC\Projects\Embedded\Valeo\Final Project\DoorHandle\Rcc" -I"../system/include" -I"../system/include/cmsis" -std=gnu11 -MMD -MP -MF"src/main.d" -MT"src/main.o" -c -o "src/main.o" "../src/main.c"
../src/main.c:67:2: error: expected identifier or '(' before 'return'
   67 |  return 0;
      |  ^~~~~~
../src/main.c:68:1: error: expected identifier or '(' before '}' token
   68 | }
      | ^
make: *** [src/subdir.mk:23: src/main.o] Error 1
"make all" terminated with exit code 2. Build might be incomplete.
19:07:31 **** Incremental Build of configuration Release for project DoorHandle ****
make all 
Building file: ../src/main.c
Invoking: GNU Arm Cross C Compiler
arm-none-eabi-gcc -mcpu=cortex-m4 -mthumb -mfloat-abi=soft -O0 -fmessage-length=0 -fsigned-char -ffunction-sections -fdata-sections -ffreestanding -Wall -Wextra -g -DNDEBUG -DSTM32F401xE -DHSE_VALUE=8000000 -I"../include" -I"D:\My PC\Projects\Embedded\Valeo\Final Project\DoorHandle\Gpt" -I"D:\My PC\Projects\Embedded\Valeo\Final Project\DoorHandle\Gpio" -I"D:\My PC\Projects\Embedded\Valeo\Final Project\DoorHandle\Lib" -I"D:\My PC\Projects\Embedded\Valeo\Final Project\DoorHandle\Rcc" -I"../system/include" -I"../system/include/cmsis" -std=gnu11 -MMD -MP -MF"src/main.d" -MT"src/main.o" -c -o "src/main.o" "../src/main.c"
../src/main.c:66:2: error: expected identifier or '(' before 'return'
   66 |  return 0;
      |  ^~~~~~
../src/main.c:67:1: error: expected identifier or '(' before '}' token
   67 | }
      | ^
make: *** [src/subdir.mk:23: src/main.o] Error 1
"make all" terminated with exit code 2. Build might be incomplete.
19:07:54 **** Incremental Build of configuration Release for project DoorHandle ****
make all 
Building file: ../src/main.c
Invoking: GNU Arm Cross C Compiler
arm-none-eabi-gcc -mcpu=cortex-m4 -mthumb -mfloat-abi=soft -O0 -fmessage-length=0 -fsigned-char -ffunction-sections -fdata-sections -ffreestanding -Wall -Wextra -g -DNDEBUG -DSTM32F401xE -DHSE_VALUE=8000000 -I"../include" -I"D:\My PC\Projects\Embedded\Valeo\Final Project\DoorHandle\Gpt" -I"D:\My PC\Projects\Embedded\Valeo\Final Project\DoorHandle\Gpio" -I"D:\My PC\Projects\Embedded\Valeo\Final Project\DoorHandle\Lib" -I"D:\My PC\Projects\Embedded\Valeo\Final Project\DoorHandle\Rcc" -I"../system/include" -I"../system/include/cmsis" -std=gnu11 -MMD -MP -MF"src/main.d" -MT"src/main.o" -c -o "src/main.o" "../src/main.c"
../src/main.c: In function 'main':
../src/main.c:67:1: error: expected declaration or statement at end of input
   67 | }
      | ^
make: *** [src/subdir.mk:23: src/main.o] Error 1
"make all" terminated with exit code 2. Build might be incomplete.
19:08:15 **** Incremental Build of configuration Release for project DoorHandle ****
make all 
Building file: ../src/main.c
Invoking: GNU Arm Cross C Compiler
arm-none-eabi-gcc -mcpu=cortex-m4 -mthumb -mfloat-abi=soft -O0 -fmessage-length=0 -fsigned-char -ffunction-sections -fdata-sections -ffreestanding -Wall -Wextra -g -DNDEBUG -DSTM32F401xE -DHSE_VALUE=8000000 -I"../include" -I"D:\My PC\Projects\Embedded\Valeo\Final Project\DoorHandle\Gpt" -I"D:\My PC\Projects\Embedded\Valeo\Final Project\DoorHandle\Gpio" -I"D:\My PC\Projects\Embedded\Valeo\Final Project\DoorHandle\Lib" -I"D:\My PC\Projects\Embedded\Valeo\Final Project\DoorHandle\Rcc" -I"../system/include" -I"../system/include/cmsis" -std=gnu11 -MMD -MP -MF"src/main.d" -MT"src/main.o" -c -o "src/main.o" "../src/main.c"
../src/main.c: In function 'main':
../src/main.c:65:1: error: expected declaration or statement at end of input
   65 | }
      | ^
[...]
Finished building: ../src/helpers.c
 
Building file: ../src/main.c
Invoking: GNU Arm Cross C Compiler
arm-none-eabi-gcc -mcpu=cortex-m4 -mthumb -mfloat-abi=soft -O0 -fmessage-length=0 -fsigned-char -ffunction-sections -fdata-sections -ffreestanding -Wall -Wextra -g -DNDEBUG -DSTM32F401xE -DHSE_VALUE=8000000 -I"../include" -I"D:\My PC\Projects\Embedded\Valeo\Final Project\DoorHandle\Gpt" -I"D:\My PC\Projects\Embedded\Valeo\Final Project\DoorHandle\Gpio" -I"D:\My PC\Projects\Embedded\Valeo\Final Project\DoorHandle\Lib" -I"D:\My PC\Projects\Embedded\Valeo\Final Project\DoorHandle\Rcc" -I"../system/include" -I"../system/include/cmsis" -std=gnu11 -MMD -MP -MF"src/main.d" -MT"src/main.o" -c -o "src/main.o" "../src/main.c"
Finished building: ../src/main.c
 
Building target: DoorHandle.elf
Invoking: GNU Arm Cross C++ Linker
arm-none-eabi-g++ -mcpu=cortex-m4 -mthumb -mfloat-abi=soft -O0 -fmessage-length=0 -fsigned-char -ffunction-sections -fdata-sections -ffreestanding -Wall -Wextra -g -T mem.ld -T libs.ld -T sections.ld -nostartfiles -Xlinker --gc-sections -L"../ldscripts" -Wl,-Map,"DoorHandle.map" --specs=nano.specs -o "DoorHandle.elf" ./system/src/newlib/assert.o ./system/src/newlib/cxx.o ./system/src/newlib/exit.o ./system/src/newlib/sbrk.o ./system/src/newlib/startup.o ./system/src/newlib/syscalls.o  ./system/src/diag/trace-impl.o ./system/src/diag/trace.o  ./system/src/cortexm/exception-handlers.o ./system/src/cortexm/initialize-hardware.o ./system/src/cortexm/reset-hardware.o  ./system/src/cmsis/system_stm32f4xx.o ./system/src/cmsis/vectors_stm32f401xe.o  ./src/helpers.o ./src/main.o  ./Rcc/Rcc.o  ./Gpt/Gpt.o  ./Gpio/Gpio.o   
Finished building target: DoorHandle.elf
 
Invoking: GNU Arm Cross Create Flash Image
arm-none-eabi-objcopy -O ihex "DoorHandle.elf"  "DoorHandle.hex"
Finished building: DoorHandle.hex
 
Invoking: GNU Arm Cross Print Size
arm-none-eabi-size --format=berkeley "DoorHandle.elf"
   text	   data	    bss	    dec	    hex	filename
   3398	     76	    260	   3734	    e96	DoorHandle.elf
Finished building: DoorHandle.siz
 
01:49:39 **** Incremental Build of configuration Release for project DoorHandle ****
make all 
Building file: ../src/helpers.c
Invoking: GNU Arm Cross C Compiler
arm-none-eabi-gcc -mcpu=cortex-m4 -mthumb -mfloat-abi=soft -O0 -fmessage-length=0 -fsigned-char -ffunction-sections -fdata-sections -ffreestanding -Wall -Wextra -g -DNDEBUG -DSTM32F401xE -DHSE_VALUE=8000000 -I"../include" -I"D:\My PC\Projects\Embedded\Valeo\Final Project\DoorHandle\Gpt" -I"D:\My PC\Projects\Embedded\Valeo\Final Project\DoorHandle\Gpio" -I"D:\My PC\Projects\Embedded\Valeo\Final Project\DoorHandle\Lib" -I"D:\My PC\Projects\Embedded\Valeo\Final Project\DoorHandle\Rcc" -I"../system/include" -I"../system/include/cmsis" -std=gnu11 -MMD -MP -MF"src/helpers.d" -MT"src/helpers.o" -c -o "src/helpers.o" "../src/helpers.c"
Finished building: ../src/helpers.c
 
Building file: ../src/main.c
Invoking: GNU Arm Cross C Compiler
arm-none-eabi-gcc -mcpu=cortex-m4 -mthumb -mfloat-abi=soft -O0 -fmessage-length=0 -fsigned-char -ffunction-sections -fdata-sections -ffreestanding -Wall -Wextra -g -DNDEBUG -DSTM32F401xE -DHSE_VALUE=8000000 -I"../include" -I"D:\My PC\Projects\Embedded\Valeo\Final Project\DoorHandle\Gpt" -I"D:\My PC\Projects\Embedded\Valeo\Final Project\DoorHandle\Gpio" -I"D:\My PC\Projects\Embedded\Valeo\Final Project\DoorHandle\Lib" -I"D:\My PC\Projects\Embedded\Valeo\Final Project\DoorHandle\Rcc" -I"../system/include" -I"../system/include/cmsis" -std=gnu11 -MMD -MP -MF"src/main.d" -MT"src/main.o" -c -o "src/main.o" "../src/main.c"
Finished building: ../src/main.c
 
Building file: ../Gpt/Gpt.c
Invoking: GNU Arm Cross C Compiler
arm-none-eabi-gcc -mcpu=cortex-m4 -mthumb -mfloat-abi=soft -O0 -fmessage-length=0 -fsigned-char -ffunction-sections -fdata-sections -ffreestanding -Wall -Wextra -g -DNDEBUG -DSTM32F401xE -DHSE_VALUE=8000000 -I"../include" -I"D:\My PC\Projects\Embedded\Valeo\Final Project\DoorHandle\Gpt" -I"D:\My PC\Projects\Embedded\Valeo\Final Project\DoorHandle\Gpio" -I"D:\My PC\Projects\Embedded\Valeo\Final Project\DoorHandle\Lib" -I"D:\My PC\Projects\Embedded\Valeo\Final Project\DoorHandle\Rcc" -I"../system/include" -I"../system/include/cmsis" -std=gnu11 -MMD -MP -MF"Gpt/Gpt.d" -MT"Gpt/Gpt.o" -c -o "Gpt/Gpt.o" "../Gpt/Gpt.c"
Finished building: ../Gpt/Gpt.c
 
Building file: ../Gpio/Gpio.c
Invoking: GNU Arm Cross C Compiler
arm-none-eabi-gcc -mcpu=cortex-m4 -mthumb -mfloat-abi=soft -O0 -fmessage-length=0 -fsigned-char -ffunction-sections -fdata-sections -ffreestanding -Wall -Wextra -g -DNDEBUG -DSTM32F401xE -DHSE_VALUE=8000000 -I"../include" -I"D:\My PC\Projects\Embedded\Valeo\Final Project\DoorHandle\Gpt" -I"D:\My PC\Projects\Embedded\Valeo\Final Project\DoorHandle\Gpio" -I"D:\My PC\Projects\Embedded\Valeo\Final Project\DoorHandle\Lib" -I"D:\My PC\Projects\Embedded\Valeo\Final Project\DoorHandle\Rcc" -I"../system/include" -I"../system/include/cmsis" -std=gnu11 -MMD -MP -MF"Gpio/Gpio.d" -MT"Gpio/Gpio.o" -c -o "Gpio/Gpio.o" "../Gpio/Gpio.c"
../Gpio/Gpio.c: In function 'Gpio_ConfigPin':
../Gpio/Gpio.c:19:24: warning: initialization of 'GpioType *' from 'uint32' {aka 'long unsigned int'} makes pointer from integer without a cast [-Wint-conversion]
   19 |  GpioType * gpioReg =  GPIO_Addresses[PortId];
      |                        ^~~~~~~~~~~~~~
../Gpio/Gpio.c: In function 'Gpio_WritePin':
../Gpio/Gpio.c:36:24: warning: initialization of 'GpioType *' from 'uint32' {aka 'long unsigned int'} makes pointer from integer without a cast [-Wint-conversion]
   36 |  GpioType * gpioReg =  GPIO_Addresses[PortId];
      |                        ^~~~~~~~~~~~~~
../Gpio/Gpio.c: In function 'Gpio_ReadPin':
../Gpio/Gpio.c:44:24: warning: initialization of 'GpioType *' from 'uint32' {aka 'long unsigned int'} makes pointer from integer without a cast [-Wint-conversion]
   44 |  GpioType * gpioReg =  GPIO_Addresses[PortId];
      |                        ^~~~~~~~~~~~~~
Finished building: ../Gpio/Gpio.c
 
Building target: DoorHandle.elf
Invoking: GNU Arm Cross C++ Linker
arm-none-eabi-g++ -mcpu=cortex-m4 -mthumb -mfloat-abi=soft -O0 -fmessage-length=0 -fsigned-char -ffunction-sections -fdata-sections -ffreestanding -Wall -Wextra -g -T mem.ld -T libs.ld -T sections.ld -nostartfiles -Xlinker --gc-sections -L"../ldscripts" -Wl,-Map,"DoorHandle.map" --specs=nano.specs -o "DoorHandle.elf" ./system/src/newlib/assert.o ./system/src/newlib/cxx.o ./system/src/newlib/exit.o ./system/src/newlib/sbrk.o ./system/src/newlib/startup.o ./system/src/newlib/syscalls.o  ./system/src/diag/trace-impl.o ./system/src/diag/trace.o  ./system/src/cortexm/exception-handlers.o ./system/src/cortexm/initialize-hardware.o ./system/src/cortexm/reset-hardware.o  ./system/src/cmsis/system_stm32f4xx.o ./system/src/cmsis/vectors_stm32f401xe.o  ./src/helpers.o ./src/main.o  ./Rcc/Rcc.o  ./Gpt/Gpt.o  ./Gpio/Gpio.o   
Finished building target: DoorHandle.elf
 
Invoking: GNU Arm Cross Create Flash Image
arm-none-eabi-objcopy -O ihex "DoorHandle.elf"  "DoorHandle.hex"
Finished building: DoorHandle.hex
 
Invoking: GNU Arm Cross Print Size
arm-none-eabi-size --format=berkeley "DoorHandle.elf"
   text	   data	    bss	    dec	    hex	filename
   3398	     76	    260	   3734	    e96	DoorHandle.elf
Finished building: DoorHandle.siz
 
01:50:56 **** Incremental Build of configuration Release for project DoorHandle ****
make all 
Building file: ../src/helpers.c
Invoking: GNU Arm Cross C Compiler
arm-none-eabi-gcc -mcpu=cortex-m4 -mthumb -mfloat-abi=soft -O0 -fmessage-length=0 -fsigned-char -ffunction-sections -fdata-sections -ffreestanding -Wall -Wextra -g -DNDEBUG -DSTM32F401xE -DHSE_VALUE=8000000 -I"../include" -I"D:\My PC\Projects\Embedded\Valeo\Final Project\DoorHandle\Gpt" -I"D:\My PC\Projects\Embedded\Valeo\Final Project\DoorHandle\Gpio" -I"D:\My PC\Projects\Embedded\Valeo\Final Project\DoorHandle\Lib" -I"D:\My PC\Projects\Embedded\Valeo\Final Project\DoorHandle\Rcc" -I"../system/include" -I"../system/include/cmsis" -std=gnu11 -MMD -MP -MF"src/helpers.d" -MT"src/helpers.o" -c -o "src/helpers.o" "../src/helpers.c"
Finished building: ../src/helpers.c
 
Building file: ../src/main.c
Invoking: GNU Arm Cross C Compiler
arm-none-eabi-gcc -mcpu=cortex-m4 -mthumb -mfloat-abi=soft -O0 -fmessage-length=0 -fsigned-char -ffunction-sections -fdata-sections -ffreestanding -Wall -Wextra -g -DNDEBUG -DSTM32F401xE -DHSE_VALUE=8000000 -I"../include" -I"D:\My PC\Projects\Embedded\Valeo\Final Project\DoorHandle\Gpt" -I"D:\My PC\Projects\Embedded\Valeo\Final Project\DoorHandle\Gpio" -I"D:\My PC\Projects\Embedded\Valeo\Final Project\DoorHandle\Lib" -I"D:\My PC\Projects\Embedded\Valeo\Final Project\DoorHandle\Rcc" -I"../system/include" -I"../system/include/cmsis" -std=gnu11 -MMD -MP -MF"src/main.d" -MT"src/main.o" -c -o "src/main.o" "../src/main.c"
Finished building: ../src/main.c
 
Building file: ../Gpt/Gpt.c
Invoking: GNU Arm Cross C Compiler
arm-none-eabi-gcc -mcpu=cortex-m4 -mthumb -mfloat-abi=soft -O0 -fmessage-length=0 -fsigned-char -ffunction-sections -fdata-sections -ffreestanding -Wall -Wextra -g -DNDEBUG -DSTM32F401xE -DHSE_VALUE=8000000 -I"../include" -I"D:\My PC\Projects\Embedded\Valeo\Final Project\DoorHandle\Gpt" -I"D:\My PC\Projects\Embedded\Valeo\Final Project\DoorHandle\Gpio" -I"D:\My PC\Projects\Embedded\Valeo\Final Project\DoorHandle\Lib" -I"D:\My PC\Projects\Embedded\Valeo\Final Project\DoorHandle\Rcc" -I"../system/include" -I"../system/include/cmsis" -std=gnu11 -MMD -MP -MF"Gpt/Gpt.d" -MT"Gpt/Gpt.o" -c -o "Gpt/Gpt.o" "../Gpt/Gpt.c"
Finished building: ../Gpt/Gpt.c
 
Building file: ../Gpio/Gpio.c
Invoking: GNU Arm Cross C Compiler
arm-none-eabi-gcc -mcpu=cortex-m4 -mthumb -mfloat-abi=soft -O0 -fmessage-length=0 -fsigned-char -ffunction-sections -fdata-sections -ffreestanding -Wall -Wextra -g -DNDEBUG -DSTM32F401xE -DHSE_VALUE=8000000 -I"../include" -I"D:\My PC\Projects\Embedded\Valeo\Final Project\DoorHandle\Gpt" -I"D:\My PC\Projects\Embedded\Valeo\Final Project\DoorHandle\Gpio" -I"D:\My PC\Projects\Embedded\Valeo\Final Project\DoorHandle\Lib" -I"D:\My PC\Projects\Embedded\Valeo\Final Project\DoorHandle\Rcc" -I"../system/include" -I"../system/include/cmsis" -std=gnu11 -MMD -MP -MF"Gpio/Gpio.d" -MT"Gpio/Gpio.o" -c -o "Gpio/Gpio.o" "../Gpio/Gpio.c"
../Gpio/Gpio.c: In function 'Gpio_ConfigPin':
../Gpio/Gpio.c:19:24: warning: initialization of 'GpioType *' from 'uint32' {aka 'long unsigned int'} makes pointer from integer without a cast [-Wint-conversion]
   19 |  GpioType * gpioReg =  GPIO_Addresses[PortId];
      |                        ^~~~~~~~~~~~~~
../Gpio/Gpio.c: In function 'Gpio_WritePin':
../Gpio/Gpio.c:36:24: warning: initialization of 'GpioType *' from 'uint32' {aka 'long unsigned int'} makes pointer from integer without a cast [-Wint-conversion]
   36 |  GpioType * gpioReg =  GPIO_Addresses[PortId];
      |                        ^~~~~~~~~~~~~~
../Gpio/Gpio.c: In function 'Gpio_ReadPin':
../Gpio/Gpio.c:44:24: warning: initialization of 'GpioType *' from 'uint32' {aka 'long unsigned int'} makes pointer from integer without a cast [-Wint-conversion]
   44 |  GpioType * gpioReg =  GPIO_Addresses[PortId];
      |                        ^~~~~~~~~~~~~~
Finished building: ../Gpio/Gpio.c
 
Building target: DoorHandle.elf
Invoking: GNU Arm Cross C++ Linker
arm-none-eabi-g++ -mcpu=cortex-m4 -mthumb -mfloat-abi=soft -O0 -fmessage-length=0 -fsigned-char -ffunction-sections -fdata-sections -ffreestanding -Wall -Wextra -g -T mem.ld -T libs.ld -T sections.ld -nostartfiles -Xlinker --gc-sections -L"../ldscripts" -Wl,-Map,"DoorHandle.map" --specs=nano.specs -o "DoorHandle.elf" ./system/src/newlib/assert.o ./system/src/newlib/cxx.o ./system/src/newlib/exit.o ./system/src/newlib/sbrk.o ./system/src/newlib/startup.o ./system/src/newlib/syscalls.o  ./system/src/diag/trace-impl.o ./system/src/diag/trace.o  ./system/src/cortexm/exception-handlers.o ./system/src/cortexm/initialize-hardware.o ./system/src/cortexm/reset-hardware.o  ./system/src/cmsis/system_stm32f4xx.o ./system/src/cmsis/vectors_stm32f401xe.o  ./src/helpers.o ./src/main.o  ./Rcc/Rcc.o  ./Gpt/Gpt.o  ./Gpio/Gpio.o   
Finished building target: DoorHandle.elf
 
Invoking: GNU Arm Cross Create Flash Image
arm-none-eabi-objcopy -O ihex "DoorHandle.elf"  "DoorHandle.hex"
Finished building: DoorHandle.hex
 
Invoking: GNU Arm Cross Print Size
arm-none-eabi-size --format=berkeley "DoorHandle.elf"
   text	   data	    bss	    dec	    hex	filename
   3398	     76	    260	   3734	    e96	DoorHandle.elf
Finished building: DoorHandle.siz
 
01:51:32 **** Incremental Build of configuration Release for project DoorHandle ****
make all 
Building file: ../src/helpers.c
Invoking: GNU Arm Cross C Compiler
arm-none-eabi-gcc -mcpu=cortex-m4 -mthumb -mfloat-abi=soft -O0 -fmessage-length=0 -fsigned-char -ffunction-sections -fdata-sections -ffreestanding -Wall -Wextra -g -DNDEBUG -DSTM32F401xE -DHSE_VALUE=8000000 -I"../include" -I"D:\My PC\Projects\Embedded\Valeo\Final Project\DoorHandle\Gpt" -I"D:\My PC\Projects\Embedded\Valeo\Final Project\DoorHandle\Gpio" -I"D:\My PC\Projects\Embedded\Valeo\Final Project\DoorHandle\Lib" -I"D:\My PC\Projects\Embedded\Valeo\Final Project\DoorHandle\Rcc" -I"../system/include" -I"../system/include/cmsis" -std=gnu11 -MMD -MP -MF"src/helpers.d" -MT"src/helpers.o" -c -o "src/helpers.o" "../src/helpers.c"
Finished building: ../src/helpers.c
 
Building file: ../src/main.c
Invoking: GNU Arm Cross C Compiler
arm-none-eabi-gcc -mcpu=cortex-m4 -mthumb -mfloat-abi=soft -O0 -fmessage-length=0 -fsigned-char -ffunction-sections -fdata-sections -ffreestanding -Wall -Wextra -g -DNDEBUG -DSTM32F401xE -DHSE_VALUE=8000000 -I"../include" -I"D:\My PC\Projects\Embedded\Valeo\Final Project\DoorHandle\Gpt" -I"D:\My PC\Projects\Embedded\Valeo\Final Project\DoorHandle\Gpio" -I"D:\My PC\Projects\Embedded\Valeo\Final Project\DoorHandle\Lib" -I"D:\My PC\Projects\Embedded\Valeo\Final Project\DoorHandle\Rcc" -I"../system/include" -I"../system/include/cmsis" -std=gnu11 -MMD -MP -MF"src/main.d" -MT"src/main.o" -c -o "src/main.o" "../src/main.c"
Finished building: ../src/main.c
 
Building file: ../Gpt/Gpt.c
Invoking: GNU Arm Cross C Compiler
arm-none-eabi-gcc -mcpu=cortex-m4 -mthumb -mfloat-abi=soft -O0 -fmessage-length=0 -fsigned-char -ffunction-sections -fdata-sections -ffreestanding -Wall -Wextra -g -DNDEBUG -DSTM32F401xE -DHSE_VALUE=8000000 -I"../include" -I"D:\My PC\Projects\Embedded\Valeo\Final Project\DoorHandle\Gpt" -I"D:\My PC\Projects\Embedded\Valeo\Final Project\DoorHandle\Gpio" -I"D:\My PC\Projects\Embedded\Valeo\Final Project\DoorHandle\Lib" -I"D:\My PC\Projects\Embedded\Valeo\Final Project\DoorHandle\Rcc" -I"../system/include" -I"../system/include/cmsis" -std=gnu11 -MMD -MP -MF"Gpt/Gpt.d" -MT"Gpt/Gpt.o" -c -o "Gpt/Gpt.o" "../Gpt/Gpt.c"
Finished building: ../Gpt/Gpt.c
 
Building file: ../Gpio/Gpio.c
Invoking: GNU Arm Cross C Compiler
arm-none-eabi-gcc -mcpu=cortex-m4 -mthumb -mfloat-abi=soft -O0 -fmessage-length=0 -fsigned-char -ffunction-sections -fdata-sections -ffreestanding -Wall -Wextra -g -DNDEBUG -DSTM32F401xE -DHSE_VALUE=8000000 -I"../include" -I"D:\My PC\Projects\Embedded\Valeo\Final Project\DoorHandle\Gpt" -I"D:\My PC\Projects\Embedded\Valeo\Final Project\DoorHandle\Gpio" -I"D:\My PC\Projects\Embedded\Valeo\Final Project\DoorHandle\Lib" -I"D:\My PC\Projects\Embedded\Valeo\Final Project\DoorHandle\Rcc" -I"../system/include" -I"../system/include/cmsis" -std=gnu11 -MMD -MP -MF"Gpio/Gpio.d" -MT"Gpio/Gpio.o" -c -o "Gpio/Gpio.o" "../Gpio/Gpio.c"
../Gpio/Gpio.c: In function 'Gpio_ConfigPin':
../Gpio/Gpio.c:19:24: warning: initialization of 'GpioType *' from 'uint32' {aka 'long unsigned int'} makes pointer from integer without a cast [-Wint-conversion]
   19 |  GpioType * gpioReg =  GPIO_Addresses[PortId];
      |                        ^~~~~~~~~~~~~~
../Gpio/Gpio.c: In function 'Gpio_WritePin':
../Gpio/Gpio.c:36:24: warning: initialization of 'GpioType *' from 'uint32' {aka 'long unsigned int'} makes pointer from integer without a cast [-Wint-conversion]
   36 |  GpioType * gpioReg =  GPIO_Addresses[PortId];
      |                        ^~~~~~~~~~~~~~
../Gpio/Gpio.c: In function 'Gpio_ReadPin':
../Gpio/Gpio.c:44:24: warning: initialization of 'GpioType *' from 'uint32' {aka 'long unsigned int'} makes pointer from integer without a cast [-Wint-conversion]
   44 |  GpioType * gpioReg =  GPIO_Addresses[PortId];
      |                        ^~~~~~~~~~~~~~
Finished building: ../Gpio/Gpio.c
 
Building target: DoorHandle.elf
Invoking: GNU Arm Cross C++ Linker
arm-none-eabi-g++ -mcpu=cortex-m4 -mthumb -mfloat-abi=soft -O0 -fmessage-length=0 -fsigned-char -ffunction-sections -fdata-sections -ffreestanding -Wall -Wextra -g -T mem.ld -T libs.ld -T sections.ld -nostartfiles -Xlinker --gc-sections -L"../ldscripts" -Wl,-Map,"DoorHandle.map" --specs=nano.specs -o "DoorHandle.elf" ./system/src/newlib/assert.o ./system/src/newlib/cxx.o ./system/src/newlib/exit.o ./system/src/newlib/sbrk.o ./system/src/newlib/startup.o ./system/src/newlib/syscalls.o  ./system/src/diag/trace-impl.o ./system/src/diag/trace.o  ./system/src/cortexm/exception-handlers.o ./system/src/cortexm/initialize-hardware.o ./system/src/cortexm/reset-hardware.o  ./system/src/cmsis/system_stm32f4xx.o ./system/src/cmsis/vectors_stm32f401xe.o  ./src/helpers.o ./src/main.o  ./Rcc/Rcc.o  ./Gpt/Gpt.o  ./Gpio/Gpio.o   
Finished building target: DoorHandle.elf
 
Invoking: GNU Arm Cross Create Flash Image
arm-none-eabi-objcopy -O ihex "DoorHandle.elf"  "DoorHandle.hex"
Finished building: DoorHandle.hex
 
Invoking: GNU Arm Cross Print Size
arm-none-eabi-size --format=berkeley "DoorHandle.elf"
   text	   data	    bss	    dec	    hex	filename
   3398	     76	    260	   3734	    e96	DoorHandle.elf
Finished building: DoorHandle.siz
 
02:01:33 **** Incremental Build of configuration Release for project DoorHandle ****
make all 
Building file: ../src/helpers.c
Invoking: GNU Arm Cross C Compiler
arm-none-eabi-gcc -mcpu=cortex-m4 -mthumb -mfloat-abi=soft -O0 -fmessage-length=0 -fsigned-char -ffunction-sections -fdata-sections -ffreestanding -Wall -Wextra -g -DNDEBUG -DSTM32F401xE -DHSE_VALUE=8000000 -I"../include" -I"D:\My PC\Projects\Embedded\Valeo\Final Project\DoorHandle\Gpt" -I"D:\My PC\Projects\Embedded\Valeo\Final Project\DoorHandle\Gpio" -I"D:\My PC\Projects\Embedded\Valeo\Final Project\DoorHandle\Lib" -I"D:\My PC\Projects\Embedded\Valeo\Final Project\DoorHandle\Rcc" -I"../system/include" -I"../system/include/cmsis" -std=gnu11 -MMD -MP -MF"src/helpers.d" -MT"src/helpers.o" -c -o "src/helpers.o" "../src/helpers.c"
Finished building: ../src/helpers.c
 
Building target: DoorHandle.elf
Invoking: GNU Arm Cross C++ Linker
arm-none-eabi-g++ -mcpu=cortex-m4 -mthumb -mfloat-abi=soft -O0 -fmessage-length=0 -fsigned-char -ffunction-sections -fdata-sections -ffreestanding -Wall -Wextra -g -T mem.ld -T libs.ld -T sections.ld -nostartfiles -Xlinker --gc-sections -L"../ldscripts" -Wl,-Map,"DoorHandle.map" --specs=nano.specs -o "DoorHandle.elf" ./system/src/newlib/assert.o ./system/src/newlib/cxx.o ./system/src/newlib/exit.o ./system/src/newlib/sbrk.o ./system/src/newlib/startup.o ./system/src/newlib/syscalls.o  ./system/src/diag/trace-impl.o ./system/src/diag/trace.o  ./system/src/cortexm/exception-handlers.o ./system/src/cortexm/initialize-hardware.o ./system/src/cortexm/reset-hardware.o  ./system/src/cmsis/system_stm32f4xx.o ./system/src/cmsis/vectors_stm32f401xe.o  ./src/helpers.o ./src/main.o  ./Rcc/Rcc.o  ./Gpt/Gpt.o  ./Gpio/Gpio.o   
Finished building target: DoorHandle.elf
 
Invoking: GNU Arm Cross Create Flash Image
arm-none-eabi-objcopy -O ihex "DoorHandle.elf"  "DoorHandle.hex"
Finished building: DoorHandle.hex
 
Invoking: GNU Arm Cross Print Size
arm-none-eabi-size --format=berkeley "DoorHandle.elf"
   text	   data	    bss	    dec	    hex	filename
   3398	     76	    260	   3734	    e96	DoorHandle.elf
Finished building: DoorHandle.siz
 
